{"__type":"$$EventMessageWorkflow","id":"0c0426b1-2b10-4f14-9568-023eeec6dcd6","ts":"2025-08-07T14:46:46.099+00:00","eventName":"n8n.workflow.started","message":"n8n.workflow.started","payload":{"executionId":"73","workflowId":"ISDPRZkXm3miWmK7","isManual":false,"workflowName":"My workflow"}}
{"__type":"$$EventMessageConfirm","confirm":"0c0426b1-2b10-4f14-9568-023eeec6dcd6","ts":"2025-08-07T14:46:46.100+00:00","source":{"id":"0","name":"eventBus"}}
{"__type":"$$EventMessageNode","id":"5376d235-6e91-462f-a907-838ac1ec6e87","ts":"2025-08-07T14:46:46.101+00:00","eventName":"n8n.node.started","message":"n8n.node.started","payload":{"workflowId":"ISDPRZkXm3miWmK7","workflowName":"My workflow","executionId":"73","nodeType":"n8n-nodes-base.cron","nodeName":"Start Daily Trigger","nodeId":"12db43fb-0c8d-4131-b365-066e88a50b54"}}
{"__type":"$$EventMessageConfirm","confirm":"5376d235-6e91-462f-a907-838ac1ec6e87","ts":"2025-08-07T14:46:46.101+00:00","source":{"id":"0","name":"eventBus"}}
{"__type":"$$EventMessageNode","id":"435d64a8-259c-464b-868f-be6deb6f10ff","ts":"2025-08-07T14:46:46.106+00:00","eventName":"n8n.node.finished","message":"n8n.node.finished","payload":{"workflowId":"ISDPRZkXm3miWmK7","workflowName":"My workflow","executionId":"73","nodeType":"n8n-nodes-base.cron","nodeName":"Start Daily Trigger","nodeId":"12db43fb-0c8d-4131-b365-066e88a50b54"}}
{"__type":"$$EventMessageConfirm","confirm":"435d64a8-259c-464b-868f-be6deb6f10ff","ts":"2025-08-07T14:46:46.106+00:00","source":{"id":"0","name":"eventBus"}}
{"__type":"$$EventMessageNode","id":"8c2b2c63-ad48-46f7-834b-9beda20437af","ts":"2025-08-07T14:46:46.106+00:00","eventName":"n8n.node.started","message":"n8n.node.started","payload":{"workflowId":"ISDPRZkXm3miWmK7","workflowName":"My workflow","executionId":"73","nodeType":"n8n-nodes-base.httpRequest","nodeName":"Get English Words","nodeId":"3d67fd4e-5d33-4268-b975-a0b877d66938"}}
{"__type":"$$EventMessageConfirm","confirm":"8c2b2c63-ad48-46f7-834b-9beda20437af","ts":"2025-08-07T14:46:46.106+00:00","source":{"id":"0","name":"eventBus"}}
{"__type":"$$EventMessageNode","id":"e601d833-fefb-4232-adc6-956f73494279","ts":"2025-08-07T14:46:48.437+00:00","eventName":"n8n.node.finished","message":"n8n.node.finished","payload":{"workflowId":"ISDPRZkXm3miWmK7","workflowName":"My workflow","executionId":"73","nodeType":"n8n-nodes-base.httpRequest","nodeName":"Get English Words","nodeId":"3d67fd4e-5d33-4268-b975-a0b877d66938"}}
{"__type":"$$EventMessageConfirm","confirm":"e601d833-fefb-4232-adc6-956f73494279","ts":"2025-08-07T14:46:48.438+00:00","source":{"id":"0","name":"eventBus"}}
{"__type":"$$EventMessageWorkflow","id":"07100e0a-6c23-47e1-a49d-977e071e2670","ts":"2025-08-07T14:46:48.441+00:00","eventName":"n8n.workflow.failed","message":"n8n.workflow.failed","payload":{"userId":"b47d0fb1-3e65-4518-89af-453857c6bc55","executionId":"73","success":false,"isManual":true,"workflowId":"ISDPRZkXm3miWmK7","workflowName":"My workflow","lastNodeExecuted":"Get English Words","errorNodeType":"n8n-nodes-base.httpRequest","errorMessage":"Authorization failed - please check your credentials"}}
{"__type":"$$EventMessageConfirm","confirm":"07100e0a-6c23-47e1-a49d-977e071e2670","ts":"2025-08-07T14:46:48.441+00:00","source":{"id":"0","name":"eventBus"}}
{"__type":"$$EventMessageWorkflow","id":"3a642871-3b78-44e1-9f32-ee18b809e266","ts":"2025-08-07T14:47:07.446+00:00","eventName":"n8n.workflow.started","message":"n8n.workflow.started","payload":{"executionId":"74","workflowId":"ISDPRZkXm3miWmK7","isManual":false,"workflowName":"My workflow"}}
{"__type":"$$EventMessageConfirm","confirm":"3a642871-3b78-44e1-9f32-ee18b809e266","ts":"2025-08-07T14:47:07.446+00:00","source":{"id":"0","name":"eventBus"}}
{"__type":"$$EventMessageNode","id":"9de538ec-c2c9-4828-b8ae-6eb58f29d74c","ts":"2025-08-07T14:47:07.446+00:00","eventName":"n8n.node.started","message":"n8n.node.started","payload":{"workflowId":"ISDPRZkXm3miWmK7","workflowName":"My workflow","executionId":"74","nodeType":"n8n-nodes-base.httpRequest","nodeName":"Get English Words","nodeId":"3d67fd4e-5d33-4268-b975-a0b877d66938"}}
{"__type":"$$EventMessageConfirm","confirm":"9de538ec-c2c9-4828-b8ae-6eb58f29d74c","ts":"2025-08-07T14:47:07.446+00:00","source":{"id":"0","name":"eventBus"}}
{"__type":"$$EventMessageNode","id":"bb3a9c8a-b7fd-4b6a-aa15-e5ba8dde7d2d","ts":"2025-08-07T14:47:08.943+00:00","eventName":"n8n.node.finished","message":"n8n.node.finished","payload":{"workflowId":"ISDPRZkXm3miWmK7","workflowName":"My workflow","executionId":"74","nodeType":"n8n-nodes-base.httpRequest","nodeName":"Get English Words","nodeId":"3d67fd4e-5d33-4268-b975-a0b877d66938"}}
{"__type":"$$EventMessageConfirm","confirm":"bb3a9c8a-b7fd-4b6a-aa15-e5ba8dde7d2d","ts":"2025-08-07T14:47:08.943+00:00","source":{"id":"0","name":"eventBus"}}
{"__type":"$$EventMessageWorkflow","id":"98f15fde-29ee-4549-a0d8-9b10c735b5db","ts":"2025-08-07T14:47:08.948+00:00","eventName":"n8n.workflow.failed","message":"n8n.workflow.failed","payload":{"userId":"b47d0fb1-3e65-4518-89af-453857c6bc55","executionId":"74","success":false,"isManual":true,"workflowId":"ISDPRZkXm3miWmK7","workflowName":"My workflow","lastNodeExecuted":"Get English Words","errorNodeType":"n8n-nodes-base.httpRequest","errorMessage":"Authorization failed - please check your credentials"}}
{"__type":"$$EventMessageConfirm","confirm":"98f15fde-29ee-4549-a0d8-9b10c735b5db","ts":"2025-08-07T14:47:08.948+00:00","source":{"id":"0","name":"eventBus"}}
{"__type":"$$EventMessageWorkflow","id":"5ff52dc9-b1a3-4e99-acf1-0d0d5bf91014","ts":"2025-08-07T14:48:10.737+00:00","eventName":"n8n.workflow.started","message":"n8n.workflow.started","payload":{"executionId":"75","workflowId":"ISDPRZkXm3miWmK7","isManual":false,"workflowName":"My workflow"}}
{"__type":"$$EventMessageConfirm","confirm":"5ff52dc9-b1a3-4e99-acf1-0d0d5bf91014","ts":"2025-08-07T14:48:10.737+00:00","source":{"id":"0","name":"eventBus"}}
{"__type":"$$EventMessageNode","id":"a23b5795-be44-438c-b74e-cf1493886f8c","ts":"2025-08-07T14:48:10.737+00:00","eventName":"n8n.node.started","message":"n8n.node.started","payload":{"workflowId":"ISDPRZkXm3miWmK7","workflowName":"My workflow","executionId":"75","nodeType":"n8n-nodes-base.httpRequest","nodeName":"Get English Words","nodeId":"3d67fd4e-5d33-4268-b975-a0b877d66938"}}
{"__type":"$$EventMessageConfirm","confirm":"a23b5795-be44-438c-b74e-cf1493886f8c","ts":"2025-08-07T14:48:10.737+00:00","source":{"id":"0","name":"eventBus"}}
{"__type":"$$EventMessageNode","id":"810bbaea-f72c-49d8-891d-f56dde3fbb8f","ts":"2025-08-07T14:48:13.455+00:00","eventName":"n8n.node.finished","message":"n8n.node.finished","payload":{"workflowId":"ISDPRZkXm3miWmK7","workflowName":"My workflow","executionId":"75","nodeType":"n8n-nodes-base.httpRequest","nodeName":"Get English Words","nodeId":"3d67fd4e-5d33-4268-b975-a0b877d66938"}}
{"__type":"$$EventMessageConfirm","confirm":"810bbaea-f72c-49d8-891d-f56dde3fbb8f","ts":"2025-08-07T14:48:13.456+00:00","source":{"id":"0","name":"eventBus"}}
{"__type":"$$EventMessageWorkflow","id":"0f865d70-2eb8-4353-8ae9-2b2d4675fad7","ts":"2025-08-07T14:48:13.470+00:00","eventName":"n8n.workflow.failed","message":"n8n.workflow.failed","payload":{"userId":"b47d0fb1-3e65-4518-89af-453857c6bc55","executionId":"75","success":false,"isManual":true,"workflowId":"ISDPRZkXm3miWmK7","workflowName":"My workflow","lastNodeExecuted":"Get English Words","errorNodeType":"n8n-nodes-base.httpRequest","errorMessage":"Bad request - please check your parameters"}}
{"__type":"$$EventMessageConfirm","confirm":"0f865d70-2eb8-4353-8ae9-2b2d4675fad7","ts":"2025-08-07T14:48:13.470+00:00","source":{"id":"0","name":"eventBus"}}
{"__type":"$$EventMessageWorkflow","id":"f817d79b-87f0-427b-a2b7-5fa5cc8aed1a","ts":"2025-08-07T14:49:07.001+00:00","eventName":"n8n.workflow.started","message":"n8n.workflow.started","payload":{"executionId":"76","workflowId":"ISDPRZkXm3miWmK7","isManual":false,"workflowName":"My workflow"}}
{"__type":"$$EventMessageConfirm","confirm":"f817d79b-87f0-427b-a2b7-5fa5cc8aed1a","ts":"2025-08-07T14:49:07.001+00:00","source":{"id":"0","name":"eventBus"}}
{"__type":"$$EventMessageNode","id":"d82a9fa4-0393-448a-a39a-bf9e3152c6a4","ts":"2025-08-07T14:49:07.002+00:00","eventName":"n8n.node.started","message":"n8n.node.started","payload":{"workflowId":"ISDPRZkXm3miWmK7","workflowName":"My workflow","executionId":"76","nodeType":"n8n-nodes-base.httpRequest","nodeName":"Get English Words","nodeId":"3d67fd4e-5d33-4268-b975-a0b877d66938"}}
{"__type":"$$EventMessageConfirm","confirm":"d82a9fa4-0393-448a-a39a-bf9e3152c6a4","ts":"2025-08-07T14:49:07.002+00:00","source":{"id":"0","name":"eventBus"}}
{"__type":"$$EventMessageNode","id":"a9509d21-9e80-4a88-a88e-816c347e2de7","ts":"2025-08-07T14:49:08.005+00:00","eventName":"n8n.node.finished","message":"n8n.node.finished","payload":{"workflowId":"ISDPRZkXm3miWmK7","workflowName":"My workflow","executionId":"76","nodeType":"n8n-nodes-base.httpRequest","nodeName":"Get English Words","nodeId":"3d67fd4e-5d33-4268-b975-a0b877d66938"}}
{"__type":"$$EventMessageConfirm","confirm":"a9509d21-9e80-4a88-a88e-816c347e2de7","ts":"2025-08-07T14:49:08.005+00:00","source":{"id":"0","name":"eventBus"}}
{"__type":"$$EventMessageWorkflow","id":"54456af1-e84e-4d89-990b-860d730a36b9","ts":"2025-08-07T14:49:08.006+00:00","eventName":"n8n.workflow.failed","message":"n8n.workflow.failed","payload":{"userId":"b47d0fb1-3e65-4518-89af-453857c6bc55","executionId":"76","success":false,"isManual":true,"workflowId":"ISDPRZkXm3miWmK7","workflowName":"My workflow","lastNodeExecuted":"Get English Words","errorNodeType":"n8n-nodes-base.httpRequest","errorMessage":"Bad request - please check your parameters"}}
{"__type":"$$EventMessageConfirm","confirm":"54456af1-e84e-4d89-990b-860d730a36b9","ts":"2025-08-07T14:49:08.006+00:00","source":{"id":"0","name":"eventBus"}}
{"__type":"$$EventMessageWorkflow","id":"9a3da153-7c4e-420d-883c-a4b6f9329a02","ts":"2025-08-07T14:49:32.348+00:00","eventName":"n8n.workflow.started","message":"n8n.workflow.started","payload":{"executionId":"77","workflowId":"ISDPRZkXm3miWmK7","isManual":false,"workflowName":"My workflow"}}
{"__type":"$$EventMessageConfirm","confirm":"9a3da153-7c4e-420d-883c-a4b6f9329a02","ts":"2025-08-07T14:49:32.348+00:00","source":{"id":"0","name":"eventBus"}}
{"__type":"$$EventMessageNode","id":"ae2715a3-07d6-4c00-b263-a13ae0f93fe0","ts":"2025-08-07T14:49:32.349+00:00","eventName":"n8n.node.started","message":"n8n.node.started","payload":{"workflowId":"ISDPRZkXm3miWmK7","workflowName":"My workflow","executionId":"77","nodeType":"n8n-nodes-base.httpRequest","nodeName":"Get English Words","nodeId":"3d67fd4e-5d33-4268-b975-a0b877d66938"}}
{"__type":"$$EventMessageConfirm","confirm":"ae2715a3-07d6-4c00-b263-a13ae0f93fe0","ts":"2025-08-07T14:49:32.349+00:00","source":{"id":"0","name":"eventBus"}}
{"__type":"$$EventMessageNode","id":"2e11351c-e896-46fb-925b-418b679a5015","ts":"2025-08-07T14:49:33.795+00:00","eventName":"n8n.node.finished","message":"n8n.node.finished","payload":{"workflowId":"ISDPRZkXm3miWmK7","workflowName":"My workflow","executionId":"77","nodeType":"n8n-nodes-base.httpRequest","nodeName":"Get English Words","nodeId":"3d67fd4e-5d33-4268-b975-a0b877d66938"}}
{"__type":"$$EventMessageConfirm","confirm":"2e11351c-e896-46fb-925b-418b679a5015","ts":"2025-08-07T14:49:33.795+00:00","source":{"id":"0","name":"eventBus"}}
{"__type":"$$EventMessageWorkflow","id":"67a1c782-0ee0-4537-bcd6-5756ee608ab5","ts":"2025-08-07T14:49:33.796+00:00","eventName":"n8n.workflow.failed","message":"n8n.workflow.failed","payload":{"userId":"b47d0fb1-3e65-4518-89af-453857c6bc55","executionId":"77","success":false,"isManual":true,"workflowId":"ISDPRZkXm3miWmK7","workflowName":"My workflow","lastNodeExecuted":"Get English Words","errorNodeType":"n8n-nodes-base.httpRequest","errorMessage":"Bad request - please check your parameters"}}
{"__type":"$$EventMessageConfirm","confirm":"67a1c782-0ee0-4537-bcd6-5756ee608ab5","ts":"2025-08-07T14:49:33.796+00:00","source":{"id":"0","name":"eventBus"}}
{"__type":"$$EventMessageWorkflow","id":"8535aea1-4fa6-48ca-b016-efec86891a67","ts":"2025-08-07T14:50:39.336+00:00","eventName":"n8n.workflow.started","message":"n8n.workflow.started","payload":{"executionId":"78","workflowId":"ISDPRZkXm3miWmK7","isManual":false,"workflowName":"My workflow"}}
{"__type":"$$EventMessageConfirm","confirm":"8535aea1-4fa6-48ca-b016-efec86891a67","ts":"2025-08-07T14:50:39.336+00:00","source":{"id":"0","name":"eventBus"}}
{"__type":"$$EventMessageNode","id":"2260fcd2-b46b-4bad-a8fc-5eebb441a7f9","ts":"2025-08-07T14:50:39.337+00:00","eventName":"n8n.node.started","message":"n8n.node.started","payload":{"workflowId":"ISDPRZkXm3miWmK7","workflowName":"My workflow","executionId":"78","nodeType":"n8n-nodes-base.httpRequest","nodeName":"Get English Words","nodeId":"3d67fd4e-5d33-4268-b975-a0b877d66938"}}
{"__type":"$$EventMessageConfirm","confirm":"2260fcd2-b46b-4bad-a8fc-5eebb441a7f9","ts":"2025-08-07T14:50:39.337+00:00","source":{"id":"0","name":"eventBus"}}
{"__type":"$$EventMessageNode","id":"94cbaf78-cf42-41ec-8727-5b3c476da9f8","ts":"2025-08-07T14:50:41.411+00:00","eventName":"n8n.node.finished","message":"n8n.node.finished","payload":{"workflowId":"ISDPRZkXm3miWmK7","workflowName":"My workflow","executionId":"78","nodeType":"n8n-nodes-base.httpRequest","nodeName":"Get English Words","nodeId":"3d67fd4e-5d33-4268-b975-a0b877d66938"}}
{"__type":"$$EventMessageConfirm","confirm":"94cbaf78-cf42-41ec-8727-5b3c476da9f8","ts":"2025-08-07T14:50:41.411+00:00","source":{"id":"0","name":"eventBus"}}
{"__type":"$$EventMessageWorkflow","id":"2a48def8-e9eb-4d65-a50d-fffce7009d02","ts":"2025-08-07T14:50:41.412+00:00","eventName":"n8n.workflow.failed","message":"n8n.workflow.failed","payload":{"userId":"b47d0fb1-3e65-4518-89af-453857c6bc55","executionId":"78","success":false,"isManual":true,"workflowId":"ISDPRZkXm3miWmK7","workflowName":"My workflow","lastNodeExecuted":"Get English Words","errorNodeType":"n8n-nodes-base.httpRequest","errorMessage":"Bad request - please check your parameters"}}
{"__type":"$$EventMessageConfirm","confirm":"2a48def8-e9eb-4d65-a50d-fffce7009d02","ts":"2025-08-07T14:50:41.412+00:00","source":{"id":"0","name":"eventBus"}}
{"__type":"$$EventMessageWorkflow","id":"20c5f44e-12c7-4d78-9f1e-6c5c228c3f58","ts":"2025-08-07T14:50:43.148+00:00","eventName":"n8n.workflow.started","message":"n8n.workflow.started","payload":{"executionId":"79","workflowId":"ucmiLmCdrb6FRZtp","isManual":false,"workflowName":"Daily English Chanllenge"}}
{"__type":"$$EventMessageConfirm","confirm":"20c5f44e-12c7-4d78-9f1e-6c5c228c3f58","ts":"2025-08-07T14:50:43.148+00:00","source":{"id":"0","name":"eventBus"}}
{"__type":"$$EventMessageNode","id":"cdc96a6b-a075-4011-bf41-2489a0120de5","ts":"2025-08-07T14:50:43.149+00:00","eventName":"n8n.node.started","message":"n8n.node.started","payload":{"workflowId":"ucmiLmCdrb6FRZtp","workflowName":"Daily English Chanllenge","executionId":"79","nodeType":"n8n-nodes-base.scheduleTrigger","nodeName":"Schedule Trigger","nodeId":"b8cbe0d9-a14c-4dcb-a457-0fbc84e2f208"}}
{"__type":"$$EventMessageConfirm","confirm":"cdc96a6b-a075-4011-bf41-2489a0120de5","ts":"2025-08-07T14:50:43.149+00:00","source":{"id":"0","name":"eventBus"}}
{"__type":"$$EventMessageNode","id":"ab35378f-8c8b-4e52-904c-036c6734e93f","ts":"2025-08-07T14:50:43.150+00:00","eventName":"n8n.node.finished","message":"n8n.node.finished","payload":{"workflowId":"ucmiLmCdrb6FRZtp","workflowName":"Daily English Chanllenge","executionId":"79","nodeType":"n8n-nodes-base.scheduleTrigger","nodeName":"Schedule Trigger","nodeId":"b8cbe0d9-a14c-4dcb-a457-0fbc84e2f208"}}
{"__type":"$$EventMessageConfirm","confirm":"ab35378f-8c8b-4e52-904c-036c6734e93f","ts":"2025-08-07T14:50:43.150+00:00","source":{"id":"0","name":"eventBus"}}
{"__type":"$$EventMessageWorkflow","id":"4e920a1c-42fc-4e18-99dc-0477d056f7e0","ts":"2025-08-07T14:50:43.151+00:00","eventName":"n8n.workflow.success","message":"n8n.workflow.success","payload":{"executionId":"79","success":true,"isManual":false,"workflowId":"ucmiLmCdrb6FRZtp","workflowName":"Daily English Chanllenge"}}
{"__type":"$$EventMessageConfirm","confirm":"4e920a1c-42fc-4e18-99dc-0477d056f7e0","ts":"2025-08-07T14:50:43.151+00:00","source":{"id":"0","name":"eventBus"}}
{"__type":"$$EventMessageWorkflow","id":"edf66752-d4b9-4167-87e4-9738e5931e18","ts":"2025-08-07T14:51:21.850+00:00","eventName":"n8n.workflow.started","message":"n8n.workflow.started","payload":{"executionId":"80","workflowId":"ISDPRZkXm3miWmK7","isManual":false,"workflowName":"My workflow"}}
{"__type":"$$EventMessageConfirm","confirm":"edf66752-d4b9-4167-87e4-9738e5931e18","ts":"2025-08-07T14:51:21.850+00:00","source":{"id":"0","name":"eventBus"}}
{"__type":"$$EventMessageNode","id":"27786b5a-8538-40ba-b0aa-a55c4f2b218c","ts":"2025-08-07T14:51:21.851+00:00","eventName":"n8n.node.started","message":"n8n.node.started","payload":{"workflowId":"ISDPRZkXm3miWmK7","workflowName":"My workflow","executionId":"80","nodeType":"n8n-nodes-base.httpRequest","nodeName":"Get English Words","nodeId":"3d67fd4e-5d33-4268-b975-a0b877d66938"}}
{"__type":"$$EventMessageConfirm","confirm":"27786b5a-8538-40ba-b0aa-a55c4f2b218c","ts":"2025-08-07T14:51:21.851+00:00","source":{"id":"0","name":"eventBus"}}
{"__type":"$$EventMessageNode","id":"80f2e6e2-83b9-4554-912e-d8105080a27c","ts":"2025-08-07T14:51:22.944+00:00","eventName":"n8n.node.finished","message":"n8n.node.finished","payload":{"workflowId":"ISDPRZkXm3miWmK7","workflowName":"My workflow","executionId":"80","nodeType":"n8n-nodes-base.httpRequest","nodeName":"Get English Words","nodeId":"3d67fd4e-5d33-4268-b975-a0b877d66938"}}
{"__type":"$$EventMessageConfirm","confirm":"80f2e6e2-83b9-4554-912e-d8105080a27c","ts":"2025-08-07T14:51:22.944+00:00","source":{"id":"0","name":"eventBus"}}
{"__type":"$$EventMessageWorkflow","id":"e60b7875-e64e-4767-afcd-3ad3c5fa6a90","ts":"2025-08-07T14:51:22.946+00:00","eventName":"n8n.workflow.failed","message":"n8n.workflow.failed","payload":{"userId":"b47d0fb1-3e65-4518-89af-453857c6bc55","executionId":"80","success":false,"isManual":true,"workflowId":"ISDPRZkXm3miWmK7","workflowName":"My workflow","lastNodeExecuted":"Get English Words","errorNodeType":"n8n-nodes-base.httpRequest","errorMessage":"Bad request - please check your parameters"}}
{"__type":"$$EventMessageConfirm","confirm":"e60b7875-e64e-4767-afcd-3ad3c5fa6a90","ts":"2025-08-07T14:51:22.946+00:00","source":{"id":"0","name":"eventBus"}}
{"__type":"$$EventMessageWorkflow","id":"bc847489-fc3c-430e-94cc-e9752ff69321","ts":"2025-08-07T14:52:31.866+00:00","eventName":"n8n.workflow.started","message":"n8n.workflow.started","payload":{"executionId":"81","workflowId":"ISDPRZkXm3miWmK7","isManual":false,"workflowName":"My workflow"}}
{"__type":"$$EventMessageConfirm","confirm":"bc847489-fc3c-430e-94cc-e9752ff69321","ts":"2025-08-07T14:52:31.866+00:00","source":{"id":"0","name":"eventBus"}}
{"__type":"$$EventMessageNode","id":"4d2878ca-c6d4-43be-8be2-156d013e0776","ts":"2025-08-07T14:52:31.866+00:00","eventName":"n8n.node.started","message":"n8n.node.started","payload":{"workflowId":"ISDPRZkXm3miWmK7","workflowName":"My workflow","executionId":"81","nodeType":"n8n-nodes-base.httpRequest","nodeName":"Get English Words","nodeId":"3d67fd4e-5d33-4268-b975-a0b877d66938"}}
{"__type":"$$EventMessageConfirm","confirm":"4d2878ca-c6d4-43be-8be2-156d013e0776","ts":"2025-08-07T14:52:31.866+00:00","source":{"id":"0","name":"eventBus"}}
{"__type":"$$EventMessageNode","id":"8c8a08fa-43ca-4d31-9d34-fcd6eb5788c6","ts":"2025-08-07T14:52:33.175+00:00","eventName":"n8n.node.finished","message":"n8n.node.finished","payload":{"workflowId":"ISDPRZkXm3miWmK7","workflowName":"My workflow","executionId":"81","nodeType":"n8n-nodes-base.httpRequest","nodeName":"Get English Words","nodeId":"3d67fd4e-5d33-4268-b975-a0b877d66938"}}
{"__type":"$$EventMessageConfirm","confirm":"8c8a08fa-43ca-4d31-9d34-fcd6eb5788c6","ts":"2025-08-07T14:52:33.176+00:00","source":{"id":"0","name":"eventBus"}}
{"__type":"$$EventMessageWorkflow","id":"86f0527a-b0d9-4e3e-ad02-5f55d129a121","ts":"2025-08-07T14:52:33.180+00:00","eventName":"n8n.workflow.failed","message":"n8n.workflow.failed","payload":{"userId":"b47d0fb1-3e65-4518-89af-453857c6bc55","executionId":"81","success":false,"isManual":true,"workflowId":"ISDPRZkXm3miWmK7","workflowName":"My workflow","lastNodeExecuted":"Get English Words","errorNodeType":"n8n-nodes-base.httpRequest","errorMessage":"Bad request - please check your parameters"}}
{"__type":"$$EventMessageConfirm","confirm":"86f0527a-b0d9-4e3e-ad02-5f55d129a121","ts":"2025-08-07T14:52:33.181+00:00","source":{"id":"0","name":"eventBus"}}
{"__type":"$$EventMessageWorkflow","id":"c9977ad9-253c-4e8d-8e67-8eafc6c9716b","ts":"2025-08-07T14:54:11.040+00:00","eventName":"n8n.workflow.started","message":"n8n.workflow.started","payload":{"executionId":"82","workflowId":"ISDPRZkXm3miWmK7","isManual":false,"workflowName":"My workflow"}}
{"__type":"$$EventMessageConfirm","confirm":"c9977ad9-253c-4e8d-8e67-8eafc6c9716b","ts":"2025-08-07T14:54:11.040+00:00","source":{"id":"0","name":"eventBus"}}
{"__type":"$$EventMessageNode","id":"71c15227-3675-49d6-b1ca-bc6d1577c134","ts":"2025-08-07T14:54:11.041+00:00","eventName":"n8n.node.started","message":"n8n.node.started","payload":{"workflowId":"ISDPRZkXm3miWmK7","workflowName":"My workflow","executionId":"82","nodeType":"n8n-nodes-base.httpRequest","nodeName":"Get English Words","nodeId":"3d67fd4e-5d33-4268-b975-a0b877d66938"}}
{"__type":"$$EventMessageConfirm","confirm":"71c15227-3675-49d6-b1ca-bc6d1577c134","ts":"2025-08-07T14:54:11.041+00:00","source":{"id":"0","name":"eventBus"}}
{"__type":"$$EventMessageNode","id":"36b3d3f6-c4c2-437d-b73d-14757bf46024","ts":"2025-08-07T14:54:12.920+00:00","eventName":"n8n.node.finished","message":"n8n.node.finished","payload":{"workflowId":"ISDPRZkXm3miWmK7","workflowName":"My workflow","executionId":"82","nodeType":"n8n-nodes-base.httpRequest","nodeName":"Get English Words","nodeId":"3d67fd4e-5d33-4268-b975-a0b877d66938"}}
{"__type":"$$EventMessageConfirm","confirm":"36b3d3f6-c4c2-437d-b73d-14757bf46024","ts":"2025-08-07T14:54:12.920+00:00","source":{"id":"0","name":"eventBus"}}
{"__type":"$$EventMessageWorkflow","id":"2cbb58a6-6f16-4bd8-9e5c-fb1e7226bdc5","ts":"2025-08-07T14:54:12.921+00:00","eventName":"n8n.workflow.failed","message":"n8n.workflow.failed","payload":{"userId":"b47d0fb1-3e65-4518-89af-453857c6bc55","executionId":"82","success":false,"isManual":true,"workflowId":"ISDPRZkXm3miWmK7","workflowName":"My workflow","lastNodeExecuted":"Get English Words","errorNodeType":"n8n-nodes-base.httpRequest","errorMessage":"Bad request - please check your parameters"}}
{"__type":"$$EventMessageConfirm","confirm":"2cbb58a6-6f16-4bd8-9e5c-fb1e7226bdc5","ts":"2025-08-07T14:54:12.921+00:00","source":{"id":"0","name":"eventBus"}}
{"__type":"$$EventMessageWorkflow","id":"c8921674-4371-40cd-97cc-49077b5cbe0e","ts":"2025-08-07T14:55:19.947+00:00","eventName":"n8n.workflow.started","message":"n8n.workflow.started","payload":{"executionId":"83","workflowId":"ISDPRZkXm3miWmK7","isManual":false,"workflowName":"My workflow"}}
{"__type":"$$EventMessageConfirm","confirm":"c8921674-4371-40cd-97cc-49077b5cbe0e","ts":"2025-08-07T14:55:19.947+00:00","source":{"id":"0","name":"eventBus"}}
{"__type":"$$EventMessageNode","id":"6d83976a-36ba-45c9-8355-dd64ef020727","ts":"2025-08-07T14:55:19.947+00:00","eventName":"n8n.node.started","message":"n8n.node.started","payload":{"workflowId":"ISDPRZkXm3miWmK7","workflowName":"My workflow","executionId":"83","nodeType":"n8n-nodes-base.httpRequest","nodeName":"Get English Words","nodeId":"3d67fd4e-5d33-4268-b975-a0b877d66938"}}
{"__type":"$$EventMessageConfirm","confirm":"6d83976a-36ba-45c9-8355-dd64ef020727","ts":"2025-08-07T14:55:19.947+00:00","source":{"id":"0","name":"eventBus"}}
{"__type":"$$EventMessageNode","id":"60bdf401-8eba-4df4-bc8f-dde699173a1a","ts":"2025-08-07T14:55:21.021+00:00","eventName":"n8n.node.finished","message":"n8n.node.finished","payload":{"workflowId":"ISDPRZkXm3miWmK7","workflowName":"My workflow","executionId":"83","nodeType":"n8n-nodes-base.httpRequest","nodeName":"Get English Words","nodeId":"3d67fd4e-5d33-4268-b975-a0b877d66938"}}
{"__type":"$$EventMessageConfirm","confirm":"60bdf401-8eba-4df4-bc8f-dde699173a1a","ts":"2025-08-07T14:55:21.021+00:00","source":{"id":"0","name":"eventBus"}}
{"__type":"$$EventMessageWorkflow","id":"6012621d-cfbb-4679-8149-4640779c9ef5","ts":"2025-08-07T14:55:21.023+00:00","eventName":"n8n.workflow.failed","message":"n8n.workflow.failed","payload":{"userId":"b47d0fb1-3e65-4518-89af-453857c6bc55","executionId":"83","success":false,"isManual":true,"workflowId":"ISDPRZkXm3miWmK7","workflowName":"My workflow","lastNodeExecuted":"Get English Words","errorNodeType":"n8n-nodes-base.httpRequest","errorMessage":"Authorization failed - please check your credentials"}}
{"__type":"$$EventMessageConfirm","confirm":"6012621d-cfbb-4679-8149-4640779c9ef5","ts":"2025-08-07T14:55:21.023+00:00","source":{"id":"0","name":"eventBus"}}
{"__type":"$$EventMessageWorkflow","id":"23303c10-f45e-475f-9b85-acfcde854d5e","ts":"2025-08-07T14:55:43.073+00:00","eventName":"n8n.workflow.started","message":"n8n.workflow.started","payload":{"executionId":"84","workflowId":"ucmiLmCdrb6FRZtp","isManual":false,"workflowName":"Daily English Chanllenge"}}
{"__type":"$$EventMessageConfirm","confirm":"23303c10-f45e-475f-9b85-acfcde854d5e","ts":"2025-08-07T14:55:43.074+00:00","source":{"id":"0","name":"eventBus"}}
{"__type":"$$EventMessageNode","id":"3d51f7dc-5921-4293-a466-defc8dcea99c","ts":"2025-08-07T14:55:43.074+00:00","eventName":"n8n.node.started","message":"n8n.node.started","payload":{"workflowId":"ucmiLmCdrb6FRZtp","workflowName":"Daily English Chanllenge","executionId":"84","nodeType":"n8n-nodes-base.scheduleTrigger","nodeName":"Schedule Trigger","nodeId":"b8cbe0d9-a14c-4dcb-a457-0fbc84e2f208"}}
{"__type":"$$EventMessageConfirm","confirm":"3d51f7dc-5921-4293-a466-defc8dcea99c","ts":"2025-08-07T14:55:43.074+00:00","source":{"id":"0","name":"eventBus"}}
{"__type":"$$EventMessageNode","id":"fb874a36-f19b-4767-8c93-44051cdf83e1","ts":"2025-08-07T14:55:43.074+00:00","eventName":"n8n.node.finished","message":"n8n.node.finished","payload":{"workflowId":"ucmiLmCdrb6FRZtp","workflowName":"Daily English Chanllenge","executionId":"84","nodeType":"n8n-nodes-base.scheduleTrigger","nodeName":"Schedule Trigger","nodeId":"b8cbe0d9-a14c-4dcb-a457-0fbc84e2f208"}}
{"__type":"$$EventMessageConfirm","confirm":"fb874a36-f19b-4767-8c93-44051cdf83e1","ts":"2025-08-07T14:55:43.074+00:00","source":{"id":"0","name":"eventBus"}}
{"__type":"$$EventMessageWorkflow","id":"c90437b9-dd4c-435f-85d4-34d4ac0f9bfa","ts":"2025-08-07T14:55:43.074+00:00","eventName":"n8n.workflow.success","message":"n8n.workflow.success","payload":{"executionId":"84","success":true,"isManual":false,"workflowId":"ucmiLmCdrb6FRZtp","workflowName":"Daily English Chanllenge"}}
{"__type":"$$EventMessageConfirm","confirm":"c90437b9-dd4c-435f-85d4-34d4ac0f9bfa","ts":"2025-08-07T14:55:43.074+00:00","source":{"id":"0","name":"eventBus"}}
{"__type":"$$EventMessageAudit","id":"6ca4c271-6104-4494-8b20-a409d8cac23c","ts":"2025-08-07T14:56:31.555+00:00","eventName":"n8n.audit.workflow.updated","message":"n8n.audit.workflow.updated","payload":{"userId":"b47d0fb1-3e65-4518-89af-453857c6bc55","_email":"i.jinnawat024@gmail.com","_firstName":"Jinnawat","_lastName":"inyim","globalRole":"global:owner","workflowId":"ISDPRZkXm3miWmK7","workflowName":"My workflow"}}
{"__type":"$$EventMessageConfirm","confirm":"6ca4c271-6104-4494-8b20-a409d8cac23c","ts":"2025-08-07T14:56:31.555+00:00","source":{"id":"0","name":"eventBus"}}
{"__type":"$$EventMessageAudit","id":"09f7d1e5-48a9-49e7-9787-11a8d17a243e","ts":"2025-08-07T14:56:31.631+00:00","eventName":"n8n.audit.workflow.updated","message":"n8n.audit.workflow.updated","payload":{"userId":"b47d0fb1-3e65-4518-89af-453857c6bc55","_email":"i.jinnawat024@gmail.com","_firstName":"Jinnawat","_lastName":"inyim","globalRole":"global:owner","workflowId":"ISDPRZkXm3miWmK7","workflowName":"My workflow"}}
{"__type":"$$EventMessageConfirm","confirm":"09f7d1e5-48a9-49e7-9787-11a8d17a243e","ts":"2025-08-07T14:56:31.631+00:00","source":{"id":"0","name":"eventBus"}}
{"__type":"$$EventMessageWorkflow","id":"68cc101d-b34b-4c8d-842a-1255acf78858","ts":"2025-08-07T14:56:34.415+00:00","eventName":"n8n.workflow.started","message":"n8n.workflow.started","payload":{"executionId":"85","workflowId":"ISDPRZkXm3miWmK7","isManual":false,"workflowName":"My workflow"}}
{"__type":"$$EventMessageConfirm","confirm":"68cc101d-b34b-4c8d-842a-1255acf78858","ts":"2025-08-07T14:56:34.415+00:00","source":{"id":"0","name":"eventBus"}}
{"__type":"$$EventMessageNode","id":"9ea165b9-bb04-4e1b-b0b3-342c592bd9ef","ts":"2025-08-07T14:56:34.416+00:00","eventName":"n8n.node.started","message":"n8n.node.started","payload":{"workflowId":"ISDPRZkXm3miWmK7","workflowName":"My workflow","executionId":"85","nodeType":"n8n-nodes-base.httpRequest","nodeName":"Get English Words","nodeId":"3d67fd4e-5d33-4268-b975-a0b877d66938"}}
{"__type":"$$EventMessageConfirm","confirm":"9ea165b9-bb04-4e1b-b0b3-342c592bd9ef","ts":"2025-08-07T14:56:34.416+00:00","source":{"id":"0","name":"eventBus"}}
{"__type":"$$EventMessageNode","id":"b1473272-39ee-4c2e-9a55-233df9270498","ts":"2025-08-07T14:56:34.418+00:00","eventName":"n8n.node.finished","message":"n8n.node.finished","payload":{"workflowId":"ISDPRZkXm3miWmK7","workflowName":"My workflow","executionId":"85","nodeType":"n8n-nodes-base.httpRequest","nodeName":"Get English Words","nodeId":"3d67fd4e-5d33-4268-b975-a0b877d66938"}}
{"__type":"$$EventMessageConfirm","confirm":"b1473272-39ee-4c2e-9a55-233df9270498","ts":"2025-08-07T14:56:34.418+00:00","source":{"id":"0","name":"eventBus"}}
{"__type":"$$EventMessageWorkflow","id":"6759f9e1-583b-48af-8ba5-d66148c6ec67","ts":"2025-08-07T14:56:34.419+00:00","eventName":"n8n.workflow.failed","message":"n8n.workflow.failed","payload":{"userId":"b47d0fb1-3e65-4518-89af-453857c6bc55","executionId":"85","success":false,"isManual":true,"workflowId":"ISDPRZkXm3miWmK7","workflowName":"My workflow","lastNodeExecuted":"Get English Words","errorNodeType":"n8n-nodes-base.httpRequest","errorMessage":"The data in \"Headers\" is no valid JSON. Set Body Content Type to \"RAW/Custom\" for XML or other types of payloads"}}
{"__type":"$$EventMessageConfirm","confirm":"6759f9e1-583b-48af-8ba5-d66148c6ec67","ts":"2025-08-07T14:56:34.419+00:00","source":{"id":"0","name":"eventBus"}}
{"__type":"$$EventMessageWorkflow","id":"aefdfc34-34fa-4737-aa45-f2ebb38d45cc","ts":"2025-08-07T14:56:46.055+00:00","eventName":"n8n.workflow.started","message":"n8n.workflow.started","payload":{"executionId":"86","workflowId":"ISDPRZkXm3miWmK7","isManual":false,"workflowName":"My workflow"}}
{"__type":"$$EventMessageConfirm","confirm":"aefdfc34-34fa-4737-aa45-f2ebb38d45cc","ts":"2025-08-07T14:56:46.055+00:00","source":{"id":"0","name":"eventBus"}}
{"__type":"$$EventMessageNode","id":"d7927f06-c0fc-422e-af1e-ae4b5a52fb57","ts":"2025-08-07T14:56:46.056+00:00","eventName":"n8n.node.started","message":"n8n.node.started","payload":{"workflowId":"ISDPRZkXm3miWmK7","workflowName":"My workflow","executionId":"86","nodeType":"n8n-nodes-base.httpRequest","nodeName":"Get English Words","nodeId":"3d67fd4e-5d33-4268-b975-a0b877d66938"}}
{"__type":"$$EventMessageConfirm","confirm":"d7927f06-c0fc-422e-af1e-ae4b5a52fb57","ts":"2025-08-07T14:56:46.056+00:00","source":{"id":"0","name":"eventBus"}}
{"__type":"$$EventMessageNode","id":"bd001213-e3a3-45cd-890d-7d57a2ac8487","ts":"2025-08-07T14:56:55.486+00:00","eventName":"n8n.node.finished","message":"n8n.node.finished","payload":{"workflowId":"ISDPRZkXm3miWmK7","workflowName":"My workflow","executionId":"86","nodeType":"n8n-nodes-base.httpRequest","nodeName":"Get English Words","nodeId":"3d67fd4e-5d33-4268-b975-a0b877d66938"}}
{"__type":"$$EventMessageConfirm","confirm":"bd001213-e3a3-45cd-890d-7d57a2ac8487","ts":"2025-08-07T14:56:55.486+00:00","source":{"id":"0","name":"eventBus"}}
{"__type":"$$EventMessageWorkflow","id":"7af7c42d-b24d-401e-9aac-d0029e4330e6","ts":"2025-08-07T14:56:55.487+00:00","eventName":"n8n.workflow.success","message":"n8n.workflow.success","payload":{"userId":"b47d0fb1-3e65-4518-89af-453857c6bc55","executionId":"86","success":true,"isManual":true,"workflowId":"ISDPRZkXm3miWmK7","workflowName":"My workflow"}}
{"__type":"$$EventMessageConfirm","confirm":"7af7c42d-b24d-401e-9aac-d0029e4330e6","ts":"2025-08-07T14:56:55.487+00:00","source":{"id":"0","name":"eventBus"}}
{"__type":"$$EventMessageWorkflow","id":"c3304d8a-4132-4890-b5c7-eb8faa189d17","ts":"2025-08-07T14:57:01.963+00:00","eventName":"n8n.workflow.started","message":"n8n.workflow.started","payload":{"executionId":"87","workflowId":"ISDPRZkXm3miWmK7","isManual":false,"workflowName":"My workflow"}}
{"__type":"$$EventMessageConfirm","confirm":"c3304d8a-4132-4890-b5c7-eb8faa189d17","ts":"2025-08-07T14:57:01.964+00:00","source":{"id":"0","name":"eventBus"}}
{"__type":"$$EventMessageNode","id":"5de02c3a-b2f1-470a-8d81-e66ce2f3d11d","ts":"2025-08-07T14:57:01.964+00:00","eventName":"n8n.node.started","message":"n8n.node.started","payload":{"workflowId":"ISDPRZkXm3miWmK7","workflowName":"My workflow","executionId":"87","nodeType":"n8n-nodes-base.cron","nodeName":"Start Daily Trigger","nodeId":"12db43fb-0c8d-4131-b365-066e88a50b54"}}
{"__type":"$$EventMessageConfirm","confirm":"5de02c3a-b2f1-470a-8d81-e66ce2f3d11d","ts":"2025-08-07T14:57:01.964+00:00","source":{"id":"0","name":"eventBus"}}
{"__type":"$$EventMessageNode","id":"de395e36-74b9-40f5-a640-792d85f8ae92","ts":"2025-08-07T14:57:01.978+00:00","eventName":"n8n.node.finished","message":"n8n.node.finished","payload":{"workflowId":"ISDPRZkXm3miWmK7","workflowName":"My workflow","executionId":"87","nodeType":"n8n-nodes-base.cron","nodeName":"Start Daily Trigger","nodeId":"12db43fb-0c8d-4131-b365-066e88a50b54"}}
{"__type":"$$EventMessageConfirm","confirm":"de395e36-74b9-40f5-a640-792d85f8ae92","ts":"2025-08-07T14:57:01.978+00:00","source":{"id":"0","name":"eventBus"}}
{"__type":"$$EventMessageNode","id":"2a270c8e-1e99-4d5c-b5fe-70f6457ef845","ts":"2025-08-07T14:57:01.978+00:00","eventName":"n8n.node.started","message":"n8n.node.started","payload":{"workflowId":"ISDPRZkXm3miWmK7","workflowName":"My workflow","executionId":"87","nodeType":"n8n-nodes-base.httpRequest","nodeName":"Get English Words","nodeId":"3d67fd4e-5d33-4268-b975-a0b877d66938"}}
{"__type":"$$EventMessageConfirm","confirm":"2a270c8e-1e99-4d5c-b5fe-70f6457ef845","ts":"2025-08-07T14:57:01.979+00:00","source":{"id":"0","name":"eventBus"}}
{"__type":"$$EventMessageNode","id":"0aea34ab-73e4-4554-ba94-2ec55f51817a","ts":"2025-08-07T14:57:10.957+00:00","eventName":"n8n.node.finished","message":"n8n.node.finished","payload":{"workflowId":"ISDPRZkXm3miWmK7","workflowName":"My workflow","executionId":"87","nodeType":"n8n-nodes-base.httpRequest","nodeName":"Get English Words","nodeId":"3d67fd4e-5d33-4268-b975-a0b877d66938"}}
{"__type":"$$EventMessageConfirm","confirm":"0aea34ab-73e4-4554-ba94-2ec55f51817a","ts":"2025-08-07T14:57:10.957+00:00","source":{"id":"0","name":"eventBus"}}
{"__type":"$$EventMessageNode","id":"4fd0c2e0-4cda-4ec0-9525-601fefba0c60","ts":"2025-08-07T14:57:10.957+00:00","eventName":"n8n.node.started","message":"n8n.node.started","payload":{"workflowId":"ISDPRZkXm3miWmK7","workflowName":"My workflow","executionId":"87","nodeType":"n8n-nodes-base.function","nodeName":"Filter Old Words","nodeId":"f007284a-e4a8-4c49-9bf8-36741f05fd6c"}}
{"__type":"$$EventMessageConfirm","confirm":"4fd0c2e0-4cda-4ec0-9525-601fefba0c60","ts":"2025-08-07T14:57:10.957+00:00","source":{"id":"0","name":"eventBus"}}
{"__type":"$$EventMessageNode","id":"11d89d0b-c88f-45a0-abba-9c1795c7ec99","ts":"2025-08-07T10:57:11.022-04:00","eventName":"n8n.node.finished","message":"n8n.node.finished","payload":{"workflowId":"ISDPRZkXm3miWmK7","workflowName":"My workflow","executionId":"87","nodeType":"n8n-nodes-base.function","nodeName":"Filter Old Words","nodeId":"f007284a-e4a8-4c49-9bf8-36741f05fd6c"}}
{"__type":"$$EventMessageConfirm","confirm":"11d89d0b-c88f-45a0-abba-9c1795c7ec99","ts":"2025-08-07T10:57:11.022-04:00","source":{"id":"0","name":"eventBus"}}
{"__type":"$$EventMessageWorkflow","id":"87336cdf-926f-4f0a-bf80-3d05b38dd91c","ts":"2025-08-07T10:57:11.024-04:00","eventName":"n8n.workflow.failed","message":"n8n.workflow.failed","payload":{"userId":"b47d0fb1-3e65-4518-89af-453857c6bc55","executionId":"87","success":false,"isManual":true,"workflowId":"ISDPRZkXm3miWmK7","workflowName":"My workflow","lastNodeExecuted":"Filter Old Words","errorMessage":"Cannot read properties of undefined (reading 'filter') [Line 3]"}}
{"__type":"$$EventMessageConfirm","confirm":"87336cdf-926f-4f0a-bf80-3d05b38dd91c","ts":"2025-08-07T10:57:11.024-04:00","source":{"id":"0","name":"eventBus"}}
{"__type":"$$EventMessageWorkflow","id":"705aedfa-7ab6-4c37-bcf1-986c87abda45","ts":"2025-08-07T10:57:57.956-04:00","eventName":"n8n.workflow.started","message":"n8n.workflow.started","payload":{"executionId":"88","workflowId":"ISDPRZkXm3miWmK7","isManual":false,"workflowName":"My workflow"}}
{"__type":"$$EventMessageConfirm","confirm":"705aedfa-7ab6-4c37-bcf1-986c87abda45","ts":"2025-08-07T10:57:57.957-04:00","source":{"id":"0","name":"eventBus"}}
{"__type":"$$EventMessageNode","id":"05985dfe-d22f-448d-8257-4a6bd46f02b7","ts":"2025-08-07T10:57:57.959-04:00","eventName":"n8n.node.started","message":"n8n.node.started","payload":{"workflowId":"ISDPRZkXm3miWmK7","workflowName":"My workflow","executionId":"88","nodeType":"n8n-nodes-base.httpRequest","nodeName":"Get English Words","nodeId":"3d67fd4e-5d33-4268-b975-a0b877d66938"}}
{"__type":"$$EventMessageConfirm","confirm":"05985dfe-d22f-448d-8257-4a6bd46f02b7","ts":"2025-08-07T10:57:57.959-04:00","source":{"id":"0","name":"eventBus"}}
{"__type":"$$EventMessageNode","id":"b220a96c-2333-4c75-9bff-b8a6cd8e9e21","ts":"2025-08-07T10:58:01.780-04:00","eventName":"n8n.node.finished","message":"n8n.node.finished","payload":{"workflowId":"ISDPRZkXm3miWmK7","workflowName":"My workflow","executionId":"88","nodeType":"n8n-nodes-base.httpRequest","nodeName":"Get English Words","nodeId":"3d67fd4e-5d33-4268-b975-a0b877d66938"}}
{"__type":"$$EventMessageConfirm","confirm":"b220a96c-2333-4c75-9bff-b8a6cd8e9e21","ts":"2025-08-07T10:58:01.780-04:00","source":{"id":"0","name":"eventBus"}}
{"__type":"$$EventMessageWorkflow","id":"b787a2b5-e532-4599-9895-b4e0ac57ea8c","ts":"2025-08-07T10:58:01.781-04:00","eventName":"n8n.workflow.success","message":"n8n.workflow.success","payload":{"userId":"b47d0fb1-3e65-4518-89af-453857c6bc55","executionId":"88","success":true,"isManual":true,"workflowId":"ISDPRZkXm3miWmK7","workflowName":"My workflow"}}
{"__type":"$$EventMessageConfirm","confirm":"b787a2b5-e532-4599-9895-b4e0ac57ea8c","ts":"2025-08-07T10:58:01.781-04:00","source":{"id":"0","name":"eventBus"}}
{"__type":"$$EventMessageWorkflow","id":"b10a70cd-4ac2-41db-bd17-fa81910961d5","ts":"2025-08-07T10:58:39.267-04:00","eventName":"n8n.workflow.started","message":"n8n.workflow.started","payload":{"executionId":"89","workflowId":"ISDPRZkXm3miWmK7","isManual":false,"workflowName":"My workflow"}}
{"__type":"$$EventMessageConfirm","confirm":"b10a70cd-4ac2-41db-bd17-fa81910961d5","ts":"2025-08-07T10:58:39.267-04:00","source":{"id":"0","name":"eventBus"}}
{"__type":"$$EventMessageNode","id":"3982b5fd-ac9b-4821-8bb5-23227192f7d1","ts":"2025-08-07T10:58:39.268-04:00","eventName":"n8n.node.started","message":"n8n.node.started","payload":{"workflowId":"ISDPRZkXm3miWmK7","workflowName":"My workflow","executionId":"89","nodeType":"n8n-nodes-base.httpRequest","nodeName":"Get English Words","nodeId":"3d67fd4e-5d33-4268-b975-a0b877d66938"}}
{"__type":"$$EventMessageConfirm","confirm":"3982b5fd-ac9b-4821-8bb5-23227192f7d1","ts":"2025-08-07T10:58:39.268-04:00","source":{"id":"0","name":"eventBus"}}
{"__type":"$$EventMessageNode","id":"787e0467-36cb-41f6-8ce4-79c1ad5eb91e","ts":"2025-08-07T10:58:45.764-04:00","eventName":"n8n.node.finished","message":"n8n.node.finished","payload":{"workflowId":"ISDPRZkXm3miWmK7","workflowName":"My workflow","executionId":"89","nodeType":"n8n-nodes-base.httpRequest","nodeName":"Get English Words","nodeId":"3d67fd4e-5d33-4268-b975-a0b877d66938"}}
{"__type":"$$EventMessageConfirm","confirm":"787e0467-36cb-41f6-8ce4-79c1ad5eb91e","ts":"2025-08-07T10:58:45.764-04:00","source":{"id":"0","name":"eventBus"}}
{"__type":"$$EventMessageWorkflow","id":"f24d02c3-bde6-41b3-8fd4-3ca1d9640cfc","ts":"2025-08-07T10:58:45.765-04:00","eventName":"n8n.workflow.success","message":"n8n.workflow.success","payload":{"userId":"b47d0fb1-3e65-4518-89af-453857c6bc55","executionId":"89","success":true,"isManual":true,"workflowId":"ISDPRZkXm3miWmK7","workflowName":"My workflow"}}
{"__type":"$$EventMessageConfirm","confirm":"f24d02c3-bde6-41b3-8fd4-3ca1d9640cfc","ts":"2025-08-07T10:58:45.765-04:00","source":{"id":"0","name":"eventBus"}}
{"__type":"$$EventMessageWorkflow","id":"95fab42a-b79b-44c5-8678-3f760c6e4baf","ts":"2025-08-07T10:59:15.202-04:00","eventName":"n8n.workflow.started","message":"n8n.workflow.started","payload":{"executionId":"90","workflowId":"ISDPRZkXm3miWmK7","isManual":false,"workflowName":"My workflow"}}
{"__type":"$$EventMessageConfirm","confirm":"95fab42a-b79b-44c5-8678-3f760c6e4baf","ts":"2025-08-07T10:59:15.202-04:00","source":{"id":"0","name":"eventBus"}}
{"__type":"$$EventMessageNode","id":"841a88c6-a812-40d5-9233-e2766b1f99d0","ts":"2025-08-07T10:59:15.203-04:00","eventName":"n8n.node.started","message":"n8n.node.started","payload":{"workflowId":"ISDPRZkXm3miWmK7","workflowName":"My workflow","executionId":"90","nodeType":"n8n-nodes-base.function","nodeName":"Filter Old Words","nodeId":"f007284a-e4a8-4c49-9bf8-36741f05fd6c"}}
{"__type":"$$EventMessageConfirm","confirm":"841a88c6-a812-40d5-9233-e2766b1f99d0","ts":"2025-08-07T10:59:15.203-04:00","source":{"id":"0","name":"eventBus"}}
{"__type":"$$EventMessageNode","id":"19867f11-c360-4dff-831b-edc88fdf4b2a","ts":"2025-08-07T10:59:15.210-04:00","eventName":"n8n.node.finished","message":"n8n.node.finished","payload":{"workflowId":"ISDPRZkXm3miWmK7","workflowName":"My workflow","executionId":"90","nodeType":"n8n-nodes-base.function","nodeName":"Filter Old Words","nodeId":"f007284a-e4a8-4c49-9bf8-36741f05fd6c"}}
{"__type":"$$EventMessageConfirm","confirm":"19867f11-c360-4dff-831b-edc88fdf4b2a","ts":"2025-08-07T10:59:15.210-04:00","source":{"id":"0","name":"eventBus"}}
{"__type":"$$EventMessageWorkflow","id":"b6f1c7d4-4188-4460-967d-0a0bbd453f1f","ts":"2025-08-07T10:59:15.211-04:00","eventName":"n8n.workflow.failed","message":"n8n.workflow.failed","payload":{"userId":"b47d0fb1-3e65-4518-89af-453857c6bc55","executionId":"90","success":false,"isManual":true,"workflowId":"ISDPRZkXm3miWmK7","workflowName":"My workflow","lastNodeExecuted":"Filter Old Words","errorMessage":"Cannot read properties of undefined (reading 'choices') [Line 2]"}}
{"__type":"$$EventMessageConfirm","confirm":"b6f1c7d4-4188-4460-967d-0a0bbd453f1f","ts":"2025-08-07T10:59:15.211-04:00","source":{"id":"0","name":"eventBus"}}
{"__type":"$$EventMessageWorkflow","id":"84735347-1c1b-4204-a54e-1370eeee7835","ts":"2025-08-07T10:59:38.904-04:00","eventName":"n8n.workflow.started","message":"n8n.workflow.started","payload":{"executionId":"91","workflowId":"ISDPRZkXm3miWmK7","isManual":false,"workflowName":"My workflow"}}
{"__type":"$$EventMessageConfirm","confirm":"84735347-1c1b-4204-a54e-1370eeee7835","ts":"2025-08-07T10:59:38.905-04:00","source":{"id":"0","name":"eventBus"}}
{"__type":"$$EventMessageNode","id":"7c757405-d21c-45a0-b9a2-3178711247eb","ts":"2025-08-07T10:59:38.905-04:00","eventName":"n8n.node.started","message":"n8n.node.started","payload":{"workflowId":"ISDPRZkXm3miWmK7","workflowName":"My workflow","executionId":"91","nodeType":"n8n-nodes-base.function","nodeName":"Filter Old Words","nodeId":"f007284a-e4a8-4c49-9bf8-36741f05fd6c"}}
{"__type":"$$EventMessageConfirm","confirm":"7c757405-d21c-45a0-b9a2-3178711247eb","ts":"2025-08-07T10:59:38.905-04:00","source":{"id":"0","name":"eventBus"}}
{"__type":"$$EventMessageNode","id":"c2960fd1-c93f-4eeb-9d18-1922cb8d6a7c","ts":"2025-08-07T10:59:38.917-04:00","eventName":"n8n.node.finished","message":"n8n.node.finished","payload":{"workflowId":"ISDPRZkXm3miWmK7","workflowName":"My workflow","executionId":"91","nodeType":"n8n-nodes-base.function","nodeName":"Filter Old Words","nodeId":"f007284a-e4a8-4c49-9bf8-36741f05fd6c"}}
{"__type":"$$EventMessageConfirm","confirm":"c2960fd1-c93f-4eeb-9d18-1922cb8d6a7c","ts":"2025-08-07T10:59:38.917-04:00","source":{"id":"0","name":"eventBus"}}
{"__type":"$$EventMessageWorkflow","id":"29c879d0-385c-4316-9515-86de31f24d09","ts":"2025-08-07T10:59:38.918-04:00","eventName":"n8n.workflow.success","message":"n8n.workflow.success","payload":{"userId":"b47d0fb1-3e65-4518-89af-453857c6bc55","executionId":"91","success":true,"isManual":true,"workflowId":"ISDPRZkXm3miWmK7","workflowName":"My workflow"}}
{"__type":"$$EventMessageConfirm","confirm":"29c879d0-385c-4316-9515-86de31f24d09","ts":"2025-08-07T10:59:38.918-04:00","source":{"id":"0","name":"eventBus"}}
{"__type":"$$EventMessageWorkflow","id":"bd43d4b0-ddeb-444c-a92a-265804110783","ts":"2025-08-07T10:59:42.315-04:00","eventName":"n8n.workflow.started","message":"n8n.workflow.started","payload":{"executionId":"92","workflowId":"ISDPRZkXm3miWmK7","isManual":false,"workflowName":"My workflow"}}
{"__type":"$$EventMessageConfirm","confirm":"bd43d4b0-ddeb-444c-a92a-265804110783","ts":"2025-08-07T10:59:42.315-04:00","source":{"id":"0","name":"eventBus"}}
{"__type":"$$EventMessageNode","id":"ebc5732f-178f-4a09-8146-0b9f42884a0a","ts":"2025-08-07T10:59:42.316-04:00","eventName":"n8n.node.started","message":"n8n.node.started","payload":{"workflowId":"ISDPRZkXm3miWmK7","workflowName":"My workflow","executionId":"92","nodeType":"n8n-nodes-base.cron","nodeName":"Start Daily Trigger","nodeId":"12db43fb-0c8d-4131-b365-066e88a50b54"}}
{"__type":"$$EventMessageConfirm","confirm":"ebc5732f-178f-4a09-8146-0b9f42884a0a","ts":"2025-08-07T10:59:42.316-04:00","source":{"id":"0","name":"eventBus"}}
{"__type":"$$EventMessageNode","id":"76042537-116d-4124-b4e9-61167a091128","ts":"2025-08-07T10:59:42.321-04:00","eventName":"n8n.node.finished","message":"n8n.node.finished","payload":{"workflowId":"ISDPRZkXm3miWmK7","workflowName":"My workflow","executionId":"92","nodeType":"n8n-nodes-base.cron","nodeName":"Start Daily Trigger","nodeId":"12db43fb-0c8d-4131-b365-066e88a50b54"}}
{"__type":"$$EventMessageConfirm","confirm":"76042537-116d-4124-b4e9-61167a091128","ts":"2025-08-07T10:59:42.321-04:00","source":{"id":"0","name":"eventBus"}}
{"__type":"$$EventMessageNode","id":"09ba4b1a-0546-437f-a4ed-b40fbbecef6d","ts":"2025-08-07T10:59:42.321-04:00","eventName":"n8n.node.started","message":"n8n.node.started","payload":{"workflowId":"ISDPRZkXm3miWmK7","workflowName":"My workflow","executionId":"92","nodeType":"n8n-nodes-base.httpRequest","nodeName":"Get English Words","nodeId":"3d67fd4e-5d33-4268-b975-a0b877d66938"}}
{"__type":"$$EventMessageConfirm","confirm":"09ba4b1a-0546-437f-a4ed-b40fbbecef6d","ts":"2025-08-07T10:59:42.321-04:00","source":{"id":"0","name":"eventBus"}}
{"__type":"$$EventMessageNode","id":"75d27b79-3857-459a-aebd-aba6befc550e","ts":"2025-08-07T10:59:48.313-04:00","eventName":"n8n.node.finished","message":"n8n.node.finished","payload":{"workflowId":"ISDPRZkXm3miWmK7","workflowName":"My workflow","executionId":"92","nodeType":"n8n-nodes-base.httpRequest","nodeName":"Get English Words","nodeId":"3d67fd4e-5d33-4268-b975-a0b877d66938"}}
{"__type":"$$EventMessageConfirm","confirm":"75d27b79-3857-459a-aebd-aba6befc550e","ts":"2025-08-07T10:59:48.313-04:00","source":{"id":"0","name":"eventBus"}}
{"__type":"$$EventMessageNode","id":"c23e62a3-7aee-4843-bf67-14b379b410af","ts":"2025-08-07T10:59:48.313-04:00","eventName":"n8n.node.started","message":"n8n.node.started","payload":{"workflowId":"ISDPRZkXm3miWmK7","workflowName":"My workflow","executionId":"92","nodeType":"n8n-nodes-base.function","nodeName":"Filter Old Words","nodeId":"f007284a-e4a8-4c49-9bf8-36741f05fd6c"}}
{"__type":"$$EventMessageConfirm","confirm":"c23e62a3-7aee-4843-bf67-14b379b410af","ts":"2025-08-07T10:59:48.313-04:00","source":{"id":"0","name":"eventBus"}}
{"__type":"$$EventMessageNode","id":"c14b0f1f-3f98-4495-a985-e6eb4a6b5505","ts":"2025-08-07T10:59:48.319-04:00","eventName":"n8n.node.finished","message":"n8n.node.finished","payload":{"workflowId":"ISDPRZkXm3miWmK7","workflowName":"My workflow","executionId":"92","nodeType":"n8n-nodes-base.function","nodeName":"Filter Old Words","nodeId":"f007284a-e4a8-4c49-9bf8-36741f05fd6c"}}
{"__type":"$$EventMessageConfirm","confirm":"c14b0f1f-3f98-4495-a985-e6eb4a6b5505","ts":"2025-08-07T10:59:48.319-04:00","source":{"id":"0","name":"eventBus"}}
{"__type":"$$EventMessageNode","id":"a80681c3-88b4-4c7e-b1ec-227456679579","ts":"2025-08-07T10:59:48.319-04:00","eventName":"n8n.node.started","message":"n8n.node.started","payload":{"workflowId":"ISDPRZkXm3miWmK7","workflowName":"My workflow","executionId":"92","nodeType":"n8n-nodes-base.httpRequest","nodeName":"Ask for Readiness","nodeId":"a0d0a606-80a1-457d-a99c-dda81f05c4d9"}}
{"__type":"$$EventMessageConfirm","confirm":"a80681c3-88b4-4c7e-b1ec-227456679579","ts":"2025-08-07T10:59:48.319-04:00","source":{"id":"0","name":"eventBus"}}
{"__type":"$$EventMessageNode","id":"14af6335-e5cf-42d3-a6e1-99d9b01714d7","ts":"2025-08-07T10:59:50.465-04:00","eventName":"n8n.node.finished","message":"n8n.node.finished","payload":{"workflowId":"ISDPRZkXm3miWmK7","workflowName":"My workflow","executionId":"92","nodeType":"n8n-nodes-base.httpRequest","nodeName":"Ask for Readiness","nodeId":"a0d0a606-80a1-457d-a99c-dda81f05c4d9"}}
{"__type":"$$EventMessageConfirm","confirm":"14af6335-e5cf-42d3-a6e1-99d9b01714d7","ts":"2025-08-07T10:59:50.465-04:00","source":{"id":"0","name":"eventBus"}}
{"__type":"$$EventMessageWorkflow","id":"13a8e076-c5ad-4811-a844-5ca97aa7522d","ts":"2025-08-07T10:59:50.467-04:00","eventName":"n8n.workflow.failed","message":"n8n.workflow.failed","payload":{"userId":"b47d0fb1-3e65-4518-89af-453857c6bc55","executionId":"92","success":false,"isManual":true,"workflowId":"ISDPRZkXm3miWmK7","workflowName":"My workflow","lastNodeExecuted":"Ask for Readiness","errorNodeType":"n8n-nodes-base.httpRequest","errorMessage":"Authorization failed - please check your credentials"}}
{"__type":"$$EventMessageConfirm","confirm":"13a8e076-c5ad-4811-a844-5ca97aa7522d","ts":"2025-08-07T10:59:50.467-04:00","source":{"id":"0","name":"eventBus"}}
{"__type":"$$EventMessageWorkflow","id":"81527cc1-11e8-486d-88e2-041c0999d811","ts":"2025-08-07T11:00:43.161-04:00","eventName":"n8n.workflow.started","message":"n8n.workflow.started","payload":{"executionId":"93","workflowId":"ucmiLmCdrb6FRZtp","isManual":false,"workflowName":"Daily English Chanllenge"}}
{"__type":"$$EventMessageConfirm","confirm":"81527cc1-11e8-486d-88e2-041c0999d811","ts":"2025-08-07T11:00:43.161-04:00","source":{"id":"0","name":"eventBus"}}
{"__type":"$$EventMessageNode","id":"2a660ffe-ff1b-4e88-9bf2-241fd4a17704","ts":"2025-08-07T11:00:43.161-04:00","eventName":"n8n.node.started","message":"n8n.node.started","payload":{"workflowId":"ucmiLmCdrb6FRZtp","workflowName":"Daily English Chanllenge","executionId":"93","nodeType":"n8n-nodes-base.scheduleTrigger","nodeName":"Schedule Trigger","nodeId":"b8cbe0d9-a14c-4dcb-a457-0fbc84e2f208"}}
{"__type":"$$EventMessageConfirm","confirm":"2a660ffe-ff1b-4e88-9bf2-241fd4a17704","ts":"2025-08-07T11:00:43.161-04:00","source":{"id":"0","name":"eventBus"}}
{"__type":"$$EventMessageNode","id":"46b6a927-b00c-4be5-af53-0ef65e3dc59b","ts":"2025-08-07T11:00:43.161-04:00","eventName":"n8n.node.finished","message":"n8n.node.finished","payload":{"workflowId":"ucmiLmCdrb6FRZtp","workflowName":"Daily English Chanllenge","executionId":"93","nodeType":"n8n-nodes-base.scheduleTrigger","nodeName":"Schedule Trigger","nodeId":"b8cbe0d9-a14c-4dcb-a457-0fbc84e2f208"}}
{"__type":"$$EventMessageConfirm","confirm":"46b6a927-b00c-4be5-af53-0ef65e3dc59b","ts":"2025-08-07T11:00:43.161-04:00","source":{"id":"0","name":"eventBus"}}
{"__type":"$$EventMessageWorkflow","id":"5c93802a-8ca3-4a92-9820-f11bb08dd951","ts":"2025-08-07T11:00:43.161-04:00","eventName":"n8n.workflow.success","message":"n8n.workflow.success","payload":{"executionId":"93","success":true,"isManual":false,"workflowId":"ucmiLmCdrb6FRZtp","workflowName":"Daily English Chanllenge"}}
{"__type":"$$EventMessageConfirm","confirm":"5c93802a-8ca3-4a92-9820-f11bb08dd951","ts":"2025-08-07T11:00:43.161-04:00","source":{"id":"0","name":"eventBus"}}
{"__type":"$$EventMessageWorkflow","id":"1721388e-224c-4ab0-a22d-4f4f8bab5ce2","ts":"2025-08-07T11:05:43.097-04:00","eventName":"n8n.workflow.started","message":"n8n.workflow.started","payload":{"executionId":"94","workflowId":"ucmiLmCdrb6FRZtp","isManual":false,"workflowName":"Daily English Chanllenge"}}
{"__type":"$$EventMessageConfirm","confirm":"1721388e-224c-4ab0-a22d-4f4f8bab5ce2","ts":"2025-08-07T11:05:43.097-04:00","source":{"id":"0","name":"eventBus"}}
{"__type":"$$EventMessageNode","id":"b2f8bc68-84ae-4d10-b3cf-f703dc9ff4e4","ts":"2025-08-07T11:05:43.097-04:00","eventName":"n8n.node.started","message":"n8n.node.started","payload":{"workflowId":"ucmiLmCdrb6FRZtp","workflowName":"Daily English Chanllenge","executionId":"94","nodeType":"n8n-nodes-base.scheduleTrigger","nodeName":"Schedule Trigger","nodeId":"b8cbe0d9-a14c-4dcb-a457-0fbc84e2f208"}}
{"__type":"$$EventMessageConfirm","confirm":"b2f8bc68-84ae-4d10-b3cf-f703dc9ff4e4","ts":"2025-08-07T11:05:43.097-04:00","source":{"id":"0","name":"eventBus"}}
{"__type":"$$EventMessageNode","id":"623e8de0-6a89-4267-aa97-b1c0479fd941","ts":"2025-08-07T11:05:43.097-04:00","eventName":"n8n.node.finished","message":"n8n.node.finished","payload":{"workflowId":"ucmiLmCdrb6FRZtp","workflowName":"Daily English Chanllenge","executionId":"94","nodeType":"n8n-nodes-base.scheduleTrigger","nodeName":"Schedule Trigger","nodeId":"b8cbe0d9-a14c-4dcb-a457-0fbc84e2f208"}}
{"__type":"$$EventMessageConfirm","confirm":"623e8de0-6a89-4267-aa97-b1c0479fd941","ts":"2025-08-07T11:05:43.097-04:00","source":{"id":"0","name":"eventBus"}}
{"__type":"$$EventMessageWorkflow","id":"1bde4cb8-554a-4f54-907b-26696a98ce42","ts":"2025-08-07T11:05:43.097-04:00","eventName":"n8n.workflow.success","message":"n8n.workflow.success","payload":{"executionId":"94","success":true,"isManual":false,"workflowId":"ucmiLmCdrb6FRZtp","workflowName":"Daily English Chanllenge"}}
{"__type":"$$EventMessageConfirm","confirm":"1bde4cb8-554a-4f54-907b-26696a98ce42","ts":"2025-08-07T11:05:43.097-04:00","source":{"id":"0","name":"eventBus"}}
{"__type":"$$EventMessageWorkflow","id":"b691aa43-59fd-41fb-afa9-dabdb6acc6df","ts":"2025-08-07T11:10:43.272-04:00","eventName":"n8n.workflow.started","message":"n8n.workflow.started","payload":{"executionId":"95","workflowId":"ucmiLmCdrb6FRZtp","isManual":false,"workflowName":"Daily English Chanllenge"}}
{"__type":"$$EventMessageConfirm","confirm":"b691aa43-59fd-41fb-afa9-dabdb6acc6df","ts":"2025-08-07T11:10:43.273-04:00","source":{"id":"0","name":"eventBus"}}
{"__type":"$$EventMessageNode","id":"2fd479e9-fba8-4445-81d9-b82821e7f1d9","ts":"2025-08-07T11:10:43.273-04:00","eventName":"n8n.node.started","message":"n8n.node.started","payload":{"workflowId":"ucmiLmCdrb6FRZtp","workflowName":"Daily English Chanllenge","executionId":"95","nodeType":"n8n-nodes-base.scheduleTrigger","nodeName":"Schedule Trigger","nodeId":"b8cbe0d9-a14c-4dcb-a457-0fbc84e2f208"}}
{"__type":"$$EventMessageConfirm","confirm":"2fd479e9-fba8-4445-81d9-b82821e7f1d9","ts":"2025-08-07T11:10:43.273-04:00","source":{"id":"0","name":"eventBus"}}
{"__type":"$$EventMessageNode","id":"8689f0ee-5953-42b4-ab36-9cacbdd1d5f2","ts":"2025-08-07T11:10:43.273-04:00","eventName":"n8n.node.finished","message":"n8n.node.finished","payload":{"workflowId":"ucmiLmCdrb6FRZtp","workflowName":"Daily English Chanllenge","executionId":"95","nodeType":"n8n-nodes-base.scheduleTrigger","nodeName":"Schedule Trigger","nodeId":"b8cbe0d9-a14c-4dcb-a457-0fbc84e2f208"}}
{"__type":"$$EventMessageConfirm","confirm":"8689f0ee-5953-42b4-ab36-9cacbdd1d5f2","ts":"2025-08-07T11:10:43.273-04:00","source":{"id":"0","name":"eventBus"}}
{"__type":"$$EventMessageWorkflow","id":"78a95653-617d-4be3-95a3-137605e0b112","ts":"2025-08-07T11:10:43.274-04:00","eventName":"n8n.workflow.success","message":"n8n.workflow.success","payload":{"executionId":"95","success":true,"isManual":false,"workflowId":"ucmiLmCdrb6FRZtp","workflowName":"Daily English Chanllenge"}}
{"__type":"$$EventMessageConfirm","confirm":"78a95653-617d-4be3-95a3-137605e0b112","ts":"2025-08-07T11:10:43.274-04:00","source":{"id":"0","name":"eventBus"}}
{"__type":"$$EventMessageWorkflow","id":"b4235c56-4467-4d8c-9576-b69afb264f98","ts":"2025-08-07T22:23:17.407-04:00","eventName":"n8n.workflow.started","message":"n8n.workflow.started","payload":{"executionId":"96","workflowId":"ucmiLmCdrb6FRZtp","isManual":false,"workflowName":"Daily English Chanllenge"}}
{"__type":"$$EventMessageConfirm","confirm":"b4235c56-4467-4d8c-9576-b69afb264f98","ts":"2025-08-07T22:23:17.407-04:00","source":{"id":"0","name":"eventBus"}}
{"__type":"$$EventMessageNode","id":"9c97e98c-812c-4a83-91b1-1cb74a11ba77","ts":"2025-08-07T22:23:17.408-04:00","eventName":"n8n.node.started","message":"n8n.node.started","payload":{"workflowId":"ucmiLmCdrb6FRZtp","workflowName":"Daily English Chanllenge","executionId":"96","nodeType":"n8n-nodes-base.scheduleTrigger","nodeName":"Schedule Trigger","nodeId":"b8cbe0d9-a14c-4dcb-a457-0fbc84e2f208"}}
{"__type":"$$EventMessageConfirm","confirm":"9c97e98c-812c-4a83-91b1-1cb74a11ba77","ts":"2025-08-07T22:23:17.408-04:00","source":{"id":"0","name":"eventBus"}}
{"__type":"$$EventMessageNode","id":"b1376c09-9cd8-47b7-b517-ee816246bed5","ts":"2025-08-07T22:23:17.408-04:00","eventName":"n8n.node.finished","message":"n8n.node.finished","payload":{"workflowId":"ucmiLmCdrb6FRZtp","workflowName":"Daily English Chanllenge","executionId":"96","nodeType":"n8n-nodes-base.scheduleTrigger","nodeName":"Schedule Trigger","nodeId":"b8cbe0d9-a14c-4dcb-a457-0fbc84e2f208"}}
{"__type":"$$EventMessageConfirm","confirm":"b1376c09-9cd8-47b7-b517-ee816246bed5","ts":"2025-08-07T22:23:17.408-04:00","source":{"id":"0","name":"eventBus"}}
{"__type":"$$EventMessageWorkflow","id":"19643e2c-199a-47c6-9628-d49647dc9d8b","ts":"2025-08-07T22:23:17.408-04:00","eventName":"n8n.workflow.success","message":"n8n.workflow.success","payload":{"executionId":"96","success":true,"isManual":false,"workflowId":"ucmiLmCdrb6FRZtp","workflowName":"Daily English Chanllenge"}}
{"__type":"$$EventMessageConfirm","confirm":"19643e2c-199a-47c6-9628-d49647dc9d8b","ts":"2025-08-07T22:23:17.408-04:00","source":{"id":"0","name":"eventBus"}}
{"__type":"$$EventMessageWorkflow","id":"bbd1d935-03ae-4188-8514-d702586647f0","ts":"2025-08-07T22:25:43.092-04:00","eventName":"n8n.workflow.started","message":"n8n.workflow.started","payload":{"executionId":"97","workflowId":"ucmiLmCdrb6FRZtp","isManual":false,"workflowName":"Daily English Chanllenge"}}
{"__type":"$$EventMessageConfirm","confirm":"bbd1d935-03ae-4188-8514-d702586647f0","ts":"2025-08-07T22:25:43.092-04:00","source":{"id":"0","name":"eventBus"}}
{"__type":"$$EventMessageNode","id":"e6f28249-3aa7-48ab-9352-0595958c1a55","ts":"2025-08-07T22:25:43.093-04:00","eventName":"n8n.node.started","message":"n8n.node.started","payload":{"workflowId":"ucmiLmCdrb6FRZtp","workflowName":"Daily English Chanllenge","executionId":"97","nodeType":"n8n-nodes-base.scheduleTrigger","nodeName":"Schedule Trigger","nodeId":"b8cbe0d9-a14c-4dcb-a457-0fbc84e2f208"}}
{"__type":"$$EventMessageConfirm","confirm":"e6f28249-3aa7-48ab-9352-0595958c1a55","ts":"2025-08-07T22:25:43.093-04:00","source":{"id":"0","name":"eventBus"}}
{"__type":"$$EventMessageNode","id":"60914c9e-44b8-4091-83c6-b1420eba6da2","ts":"2025-08-07T22:25:43.093-04:00","eventName":"n8n.node.finished","message":"n8n.node.finished","payload":{"workflowId":"ucmiLmCdrb6FRZtp","workflowName":"Daily English Chanllenge","executionId":"97","nodeType":"n8n-nodes-base.scheduleTrigger","nodeName":"Schedule Trigger","nodeId":"b8cbe0d9-a14c-4dcb-a457-0fbc84e2f208"}}
{"__type":"$$EventMessageConfirm","confirm":"60914c9e-44b8-4091-83c6-b1420eba6da2","ts":"2025-08-07T22:25:43.093-04:00","source":{"id":"0","name":"eventBus"}}
{"__type":"$$EventMessageWorkflow","id":"c1f7bf84-fc7b-4518-bc61-dd9d32edb538","ts":"2025-08-07T22:25:43.093-04:00","eventName":"n8n.workflow.success","message":"n8n.workflow.success","payload":{"executionId":"97","success":true,"isManual":false,"workflowId":"ucmiLmCdrb6FRZtp","workflowName":"Daily English Chanllenge"}}
{"__type":"$$EventMessageConfirm","confirm":"c1f7bf84-fc7b-4518-bc61-dd9d32edb538","ts":"2025-08-07T22:25:43.093-04:00","source":{"id":"0","name":"eventBus"}}
{"__type":"$$EventMessageWorkflow","id":"c734090b-e9f8-4ab7-990d-bea830395f6c","ts":"2025-08-07T22:30:41.611-04:00","eventName":"n8n.workflow.started","message":"n8n.workflow.started","payload":{"executionId":"98","workflowId":"ISDPRZkXm3miWmK7","isManual":false,"workflowName":"My workflow"}}
{"__type":"$$EventMessageConfirm","confirm":"c734090b-e9f8-4ab7-990d-bea830395f6c","ts":"2025-08-07T22:30:41.612-04:00","source":{"id":"0","name":"eventBus"}}
{"__type":"$$EventMessageNode","id":"1eb298b8-8e25-479a-b5b4-b567f02f8b77","ts":"2025-08-07T22:30:41.615-04:00","eventName":"n8n.node.started","message":"n8n.node.started","payload":{"workflowId":"ISDPRZkXm3miWmK7","workflowName":"My workflow","executionId":"98","nodeType":"n8n-nodes-base.cron","nodeName":"Start Daily Trigger","nodeId":"12db43fb-0c8d-4131-b365-066e88a50b54"}}
{"__type":"$$EventMessageConfirm","confirm":"1eb298b8-8e25-479a-b5b4-b567f02f8b77","ts":"2025-08-07T22:30:41.615-04:00","source":{"id":"0","name":"eventBus"}}
{"__type":"$$EventMessageNode","id":"687208a0-95b3-4c1f-8b35-26526ccfb7c1","ts":"2025-08-07T22:30:41.644-04:00","eventName":"n8n.node.finished","message":"n8n.node.finished","payload":{"workflowId":"ISDPRZkXm3miWmK7","workflowName":"My workflow","executionId":"98","nodeType":"n8n-nodes-base.cron","nodeName":"Start Daily Trigger","nodeId":"12db43fb-0c8d-4131-b365-066e88a50b54"}}
{"__type":"$$EventMessageConfirm","confirm":"687208a0-95b3-4c1f-8b35-26526ccfb7c1","ts":"2025-08-07T22:30:41.644-04:00","source":{"id":"0","name":"eventBus"}}
{"__type":"$$EventMessageNode","id":"d2b57fa1-538e-4a5b-bfa7-dad00f22be07","ts":"2025-08-07T22:30:41.645-04:00","eventName":"n8n.node.started","message":"n8n.node.started","payload":{"workflowId":"ISDPRZkXm3miWmK7","workflowName":"My workflow","executionId":"98","nodeType":"n8n-nodes-base.httpRequest","nodeName":"Get English Words","nodeId":"3d67fd4e-5d33-4268-b975-a0b877d66938"}}
{"__type":"$$EventMessageConfirm","confirm":"d2b57fa1-538e-4a5b-bfa7-dad00f22be07","ts":"2025-08-07T22:30:41.645-04:00","source":{"id":"0","name":"eventBus"}}
{"__type":"$$EventMessageWorkflow","id":"e2557b46-3c1d-40cb-a83e-5deafb737375","ts":"2025-08-07T22:30:43.541-04:00","eventName":"n8n.workflow.started","message":"n8n.workflow.started","payload":{"executionId":"99","workflowId":"ucmiLmCdrb6FRZtp","isManual":false,"workflowName":"Daily English Chanllenge"}}
{"__type":"$$EventMessageConfirm","confirm":"e2557b46-3c1d-40cb-a83e-5deafb737375","ts":"2025-08-07T22:30:43.541-04:00","source":{"id":"0","name":"eventBus"}}
{"__type":"$$EventMessageNode","id":"49aac9b9-fa3b-44bd-8120-a45651e6ae9c","ts":"2025-08-07T22:30:43.541-04:00","eventName":"n8n.node.started","message":"n8n.node.started","payload":{"workflowId":"ucmiLmCdrb6FRZtp","workflowName":"Daily English Chanllenge","executionId":"99","nodeType":"n8n-nodes-base.scheduleTrigger","nodeName":"Schedule Trigger","nodeId":"b8cbe0d9-a14c-4dcb-a457-0fbc84e2f208"}}
{"__type":"$$EventMessageConfirm","confirm":"49aac9b9-fa3b-44bd-8120-a45651e6ae9c","ts":"2025-08-07T22:30:43.541-04:00","source":{"id":"0","name":"eventBus"}}
{"__type":"$$EventMessageNode","id":"4908abd5-3229-46e4-b650-75aa919859b2","ts":"2025-08-07T22:30:43.541-04:00","eventName":"n8n.node.finished","message":"n8n.node.finished","payload":{"workflowId":"ucmiLmCdrb6FRZtp","workflowName":"Daily English Chanllenge","executionId":"99","nodeType":"n8n-nodes-base.scheduleTrigger","nodeName":"Schedule Trigger","nodeId":"b8cbe0d9-a14c-4dcb-a457-0fbc84e2f208"}}
{"__type":"$$EventMessageConfirm","confirm":"4908abd5-3229-46e4-b650-75aa919859b2","ts":"2025-08-07T22:30:43.541-04:00","source":{"id":"0","name":"eventBus"}}
{"__type":"$$EventMessageWorkflow","id":"60318af5-be6d-4e1f-8e7f-cce728d492bf","ts":"2025-08-07T22:30:43.542-04:00","eventName":"n8n.workflow.success","message":"n8n.workflow.success","payload":{"executionId":"99","success":true,"isManual":false,"workflowId":"ucmiLmCdrb6FRZtp","workflowName":"Daily English Chanllenge"}}
{"__type":"$$EventMessageConfirm","confirm":"60318af5-be6d-4e1f-8e7f-cce728d492bf","ts":"2025-08-07T22:30:43.542-04:00","source":{"id":"0","name":"eventBus"}}
{"__type":"$$EventMessageNode","id":"f77b073f-a0bd-4c46-afaa-49811ab14d6c","ts":"2025-08-07T22:30:43.570-04:00","eventName":"n8n.node.finished","message":"n8n.node.finished","payload":{"workflowId":"ISDPRZkXm3miWmK7","workflowName":"My workflow","executionId":"98","nodeType":"n8n-nodes-base.httpRequest","nodeName":"Get English Words","nodeId":"3d67fd4e-5d33-4268-b975-a0b877d66938"}}
{"__type":"$$EventMessageConfirm","confirm":"f77b073f-a0bd-4c46-afaa-49811ab14d6c","ts":"2025-08-07T22:30:43.570-04:00","source":{"id":"0","name":"eventBus"}}
{"__type":"$$EventMessageWorkflow","id":"e38ad23e-bd0b-4513-adb5-1dca3dd74e3f","ts":"2025-08-07T22:30:43.579-04:00","eventName":"n8n.workflow.failed","message":"n8n.workflow.failed","payload":{"userId":"b47d0fb1-3e65-4518-89af-453857c6bc55","executionId":"98","success":false,"isManual":true,"workflowId":"ISDPRZkXm3miWmK7","workflowName":"My workflow","lastNodeExecuted":"Get English Words","errorNodeType":"n8n-nodes-base.httpRequest","errorMessage":"The resource you are requesting could not be found"}}
{"__type":"$$EventMessageConfirm","confirm":"e38ad23e-bd0b-4513-adb5-1dca3dd74e3f","ts":"2025-08-07T22:30:43.579-04:00","source":{"id":"0","name":"eventBus"}}
{"__type":"$$EventMessageWorkflow","id":"d74c2e8c-05db-4560-882e-f7dee5588b46","ts":"2025-08-07T22:32:48.293-04:00","eventName":"n8n.workflow.started","message":"n8n.workflow.started","payload":{"executionId":"100","workflowId":"ISDPRZkXm3miWmK7","isManual":false,"workflowName":"My workflow"}}
{"__type":"$$EventMessageConfirm","confirm":"d74c2e8c-05db-4560-882e-f7dee5588b46","ts":"2025-08-07T22:32:48.293-04:00","source":{"id":"0","name":"eventBus"}}
{"__type":"$$EventMessageNode","id":"40627f95-8139-4242-bf3a-8cc704da97f8","ts":"2025-08-07T22:32:48.294-04:00","eventName":"n8n.node.started","message":"n8n.node.started","payload":{"workflowId":"ISDPRZkXm3miWmK7","workflowName":"My workflow","executionId":"100","nodeType":"n8n-nodes-base.httpRequest","nodeName":"Get English Words","nodeId":"3d67fd4e-5d33-4268-b975-a0b877d66938"}}
{"__type":"$$EventMessageConfirm","confirm":"40627f95-8139-4242-bf3a-8cc704da97f8","ts":"2025-08-07T22:32:48.294-04:00","source":{"id":"0","name":"eventBus"}}
{"__type":"$$EventMessageNode","id":"88e5f173-5440-4d87-865a-9175366cf7ff","ts":"2025-08-07T22:32:49.718-04:00","eventName":"n8n.node.finished","message":"n8n.node.finished","payload":{"workflowId":"ISDPRZkXm3miWmK7","workflowName":"My workflow","executionId":"100","nodeType":"n8n-nodes-base.httpRequest","nodeName":"Get English Words","nodeId":"3d67fd4e-5d33-4268-b975-a0b877d66938"}}
{"__type":"$$EventMessageConfirm","confirm":"88e5f173-5440-4d87-865a-9175366cf7ff","ts":"2025-08-07T22:32:49.718-04:00","source":{"id":"0","name":"eventBus"}}
{"__type":"$$EventMessageWorkflow","id":"c414a85b-0c29-43a6-82a7-99d7b4eb1b90","ts":"2025-08-07T22:32:49.720-04:00","eventName":"n8n.workflow.failed","message":"n8n.workflow.failed","payload":{"userId":"b47d0fb1-3e65-4518-89af-453857c6bc55","executionId":"100","success":false,"isManual":true,"workflowId":"ISDPRZkXm3miWmK7","workflowName":"My workflow","lastNodeExecuted":"Get English Words","errorNodeType":"n8n-nodes-base.httpRequest","errorMessage":"The resource you are requesting could not be found"}}
{"__type":"$$EventMessageConfirm","confirm":"c414a85b-0c29-43a6-82a7-99d7b4eb1b90","ts":"2025-08-07T22:32:49.720-04:00","source":{"id":"0","name":"eventBus"}}
{"__type":"$$EventMessageAudit","id":"cfbb0052-41c8-49cf-adec-132b1598efd9","ts":"2025-08-07T22:33:06.355-04:00","eventName":"n8n.audit.workflow.updated","message":"n8n.audit.workflow.updated","payload":{"userId":"b47d0fb1-3e65-4518-89af-453857c6bc55","_email":"i.jinnawat024@gmail.com","_firstName":"Jinnawat","_lastName":"inyim","globalRole":"global:owner","workflowId":"ISDPRZkXm3miWmK7","workflowName":"My workflow"}}
{"__type":"$$EventMessageConfirm","confirm":"cfbb0052-41c8-49cf-adec-132b1598efd9","ts":"2025-08-07T22:33:06.356-04:00","source":{"id":"0","name":"eventBus"}}
{"__type":"$$EventMessageAudit","id":"15742bf0-43fc-4b26-b01b-b72b57a5b151","ts":"2025-08-07T22:33:40.395-04:00","eventName":"n8n.audit.user.credentials.created","message":"n8n.audit.user.credentials.created","payload":{"userId":"b47d0fb1-3e65-4518-89af-453857c6bc55","_email":"i.jinnawat024@gmail.com","_firstName":"Jinnawat","_lastName":"inyim","globalRole":"global:owner","credentialType":"openRouterApi","credentialId":"d4z6UX8xIplhXY6X","publicApi":false,"projectId":"cb3TqwLN5tX0D5BT","projectType":"personal"}}
{"__type":"$$EventMessageConfirm","confirm":"15742bf0-43fc-4b26-b01b-b72b57a5b151","ts":"2025-08-07T22:33:40.396-04:00","source":{"id":"0","name":"eventBus"}}
{"__type":"$$EventMessageWorkflow","id":"8bdd6c1e-92bb-43a5-8e39-ab1a0f66d715","ts":"2025-08-07T22:34:11.080-04:00","eventName":"n8n.workflow.started","message":"n8n.workflow.started","payload":{"executionId":"101","workflowId":"ISDPRZkXm3miWmK7","isManual":false,"workflowName":"My workflow"}}
{"__type":"$$EventMessageConfirm","confirm":"8bdd6c1e-92bb-43a5-8e39-ab1a0f66d715","ts":"2025-08-07T22:34:11.080-04:00","source":{"id":"0","name":"eventBus"}}
{"__type":"$$EventMessageNode","id":"1375fcf5-4f2d-412d-9f58-30368fd7c5c8","ts":"2025-08-07T22:34:11.080-04:00","eventName":"n8n.node.started","message":"n8n.node.started","payload":{"workflowId":"ISDPRZkXm3miWmK7","workflowName":"My workflow","executionId":"101","nodeType":"n8n-nodes-base.cron","nodeName":"Start Daily Trigger","nodeId":"12db43fb-0c8d-4131-b365-066e88a50b54"}}
{"__type":"$$EventMessageConfirm","confirm":"1375fcf5-4f2d-412d-9f58-30368fd7c5c8","ts":"2025-08-07T22:34:11.080-04:00","source":{"id":"0","name":"eventBus"}}
{"__type":"$$EventMessageNode","id":"ef179ff4-68ac-4634-b73d-c5e64045e9b9","ts":"2025-08-07T22:34:11.084-04:00","eventName":"n8n.node.finished","message":"n8n.node.finished","payload":{"workflowId":"ISDPRZkXm3miWmK7","workflowName":"My workflow","executionId":"101","nodeType":"n8n-nodes-base.cron","nodeName":"Start Daily Trigger","nodeId":"12db43fb-0c8d-4131-b365-066e88a50b54"}}
{"__type":"$$EventMessageConfirm","confirm":"ef179ff4-68ac-4634-b73d-c5e64045e9b9","ts":"2025-08-07T22:34:11.084-04:00","source":{"id":"0","name":"eventBus"}}
{"__type":"$$EventMessageNode","id":"332b2d3b-e5de-4ff6-b7fc-b25a54dcce6a","ts":"2025-08-07T22:34:11.084-04:00","eventName":"n8n.node.started","message":"n8n.node.started","payload":{"workflowId":"ISDPRZkXm3miWmK7","workflowName":"My workflow","executionId":"101","nodeType":"n8n-nodes-base.httpRequest","nodeName":"Get English Words","nodeId":"3d67fd4e-5d33-4268-b975-a0b877d66938"}}
{"__type":"$$EventMessageConfirm","confirm":"332b2d3b-e5de-4ff6-b7fc-b25a54dcce6a","ts":"2025-08-07T22:34:11.086-04:00","source":{"id":"0","name":"eventBus"}}
{"__type":"$$EventMessageNode","id":"56d66b97-358c-4704-813b-5ac3c2b1070f","ts":"2025-08-07T22:34:12.837-04:00","eventName":"n8n.node.finished","message":"n8n.node.finished","payload":{"workflowId":"ISDPRZkXm3miWmK7","workflowName":"My workflow","executionId":"101","nodeType":"n8n-nodes-base.httpRequest","nodeName":"Get English Words","nodeId":"3d67fd4e-5d33-4268-b975-a0b877d66938"}}
{"__type":"$$EventMessageConfirm","confirm":"56d66b97-358c-4704-813b-5ac3c2b1070f","ts":"2025-08-07T22:34:12.837-04:00","source":{"id":"0","name":"eventBus"}}
{"__type":"$$EventMessageWorkflow","id":"7696796a-387b-4a02-a627-8429c28e8b08","ts":"2025-08-07T22:34:12.839-04:00","eventName":"n8n.workflow.failed","message":"n8n.workflow.failed","payload":{"userId":"b47d0fb1-3e65-4518-89af-453857c6bc55","executionId":"101","success":false,"isManual":true,"workflowId":"ISDPRZkXm3miWmK7","workflowName":"My workflow","lastNodeExecuted":"Get English Words","errorNodeType":"n8n-nodes-base.httpRequest","errorMessage":"Payment required - perhaps check your payment details?"}}
{"__type":"$$EventMessageConfirm","confirm":"7696796a-387b-4a02-a627-8429c28e8b08","ts":"2025-08-07T22:34:12.839-04:00","source":{"id":"0","name":"eventBus"}}
{"__type":"$$EventMessageWorkflow","id":"4afd04f2-d737-4d04-9d27-2dfd1f9e446f","ts":"2025-08-07T22:35:43.088-04:00","eventName":"n8n.workflow.started","message":"n8n.workflow.started","payload":{"executionId":"102","workflowId":"ucmiLmCdrb6FRZtp","isManual":false,"workflowName":"Daily English Chanllenge"}}
{"__type":"$$EventMessageConfirm","confirm":"4afd04f2-d737-4d04-9d27-2dfd1f9e446f","ts":"2025-08-07T22:35:43.088-04:00","source":{"id":"0","name":"eventBus"}}
{"__type":"$$EventMessageNode","id":"b38edd3c-28f7-446e-a76d-255aef088fad","ts":"2025-08-07T22:35:43.088-04:00","eventName":"n8n.node.started","message":"n8n.node.started","payload":{"workflowId":"ucmiLmCdrb6FRZtp","workflowName":"Daily English Chanllenge","executionId":"102","nodeType":"n8n-nodes-base.scheduleTrigger","nodeName":"Schedule Trigger","nodeId":"b8cbe0d9-a14c-4dcb-a457-0fbc84e2f208"}}
{"__type":"$$EventMessageConfirm","confirm":"b38edd3c-28f7-446e-a76d-255aef088fad","ts":"2025-08-07T22:35:43.088-04:00","source":{"id":"0","name":"eventBus"}}
{"__type":"$$EventMessageNode","id":"9c17a5d2-d7d4-49f2-93ea-acdfebc160a5","ts":"2025-08-07T22:35:43.089-04:00","eventName":"n8n.node.finished","message":"n8n.node.finished","payload":{"workflowId":"ucmiLmCdrb6FRZtp","workflowName":"Daily English Chanllenge","executionId":"102","nodeType":"n8n-nodes-base.scheduleTrigger","nodeName":"Schedule Trigger","nodeId":"b8cbe0d9-a14c-4dcb-a457-0fbc84e2f208"}}
{"__type":"$$EventMessageConfirm","confirm":"9c17a5d2-d7d4-49f2-93ea-acdfebc160a5","ts":"2025-08-07T22:35:43.089-04:00","source":{"id":"0","name":"eventBus"}}
{"__type":"$$EventMessageWorkflow","id":"1103e5e9-b0ba-4e9d-85d9-850b3b52c4ab","ts":"2025-08-07T22:35:43.089-04:00","eventName":"n8n.workflow.success","message":"n8n.workflow.success","payload":{"executionId":"102","success":true,"isManual":false,"workflowId":"ucmiLmCdrb6FRZtp","workflowName":"Daily English Chanllenge"}}
{"__type":"$$EventMessageConfirm","confirm":"1103e5e9-b0ba-4e9d-85d9-850b3b52c4ab","ts":"2025-08-07T22:35:43.089-04:00","source":{"id":"0","name":"eventBus"}}
{"__type":"$$EventMessageWorkflow","id":"58dd8445-ebb0-412c-9259-862d22a7b89b","ts":"2025-08-07T22:40:43.136-04:00","eventName":"n8n.workflow.started","message":"n8n.workflow.started","payload":{"executionId":"103","workflowId":"ucmiLmCdrb6FRZtp","isManual":false,"workflowName":"Daily English Chanllenge"}}
{"__type":"$$EventMessageConfirm","confirm":"58dd8445-ebb0-412c-9259-862d22a7b89b","ts":"2025-08-07T22:40:43.136-04:00","source":{"id":"0","name":"eventBus"}}
{"__type":"$$EventMessageNode","id":"5b9e1877-f659-49a5-9f4a-7411293afee6","ts":"2025-08-07T22:40:43.136-04:00","eventName":"n8n.node.started","message":"n8n.node.started","payload":{"workflowId":"ucmiLmCdrb6FRZtp","workflowName":"Daily English Chanllenge","executionId":"103","nodeType":"n8n-nodes-base.scheduleTrigger","nodeName":"Schedule Trigger","nodeId":"b8cbe0d9-a14c-4dcb-a457-0fbc84e2f208"}}
{"__type":"$$EventMessageConfirm","confirm":"5b9e1877-f659-49a5-9f4a-7411293afee6","ts":"2025-08-07T22:40:43.136-04:00","source":{"id":"0","name":"eventBus"}}
{"__type":"$$EventMessageNode","id":"d32b8940-c3a9-44f8-8ef7-cfb81deb7d70","ts":"2025-08-07T22:40:43.137-04:00","eventName":"n8n.node.finished","message":"n8n.node.finished","payload":{"workflowId":"ucmiLmCdrb6FRZtp","workflowName":"Daily English Chanllenge","executionId":"103","nodeType":"n8n-nodes-base.scheduleTrigger","nodeName":"Schedule Trigger","nodeId":"b8cbe0d9-a14c-4dcb-a457-0fbc84e2f208"}}
{"__type":"$$EventMessageConfirm","confirm":"d32b8940-c3a9-44f8-8ef7-cfb81deb7d70","ts":"2025-08-07T22:40:43.137-04:00","source":{"id":"0","name":"eventBus"}}
{"__type":"$$EventMessageWorkflow","id":"33023168-fda8-42e8-afd2-4cd1c7238c60","ts":"2025-08-07T22:40:43.137-04:00","eventName":"n8n.workflow.success","message":"n8n.workflow.success","payload":{"executionId":"103","success":true,"isManual":false,"workflowId":"ucmiLmCdrb6FRZtp","workflowName":"Daily English Chanllenge"}}
{"__type":"$$EventMessageConfirm","confirm":"33023168-fda8-42e8-afd2-4cd1c7238c60","ts":"2025-08-07T22:40:43.137-04:00","source":{"id":"0","name":"eventBus"}}
