{"__type":"$$EventMessageWorkflow","id":"345a6a79-719a-4c3b-ba08-c77fe09c9855","ts":"2025-08-07T14:45:24.133+00:00","eventName":"n8n.workflow.started","message":"n8n.workflow.started","payload":{"executionId":"71","workflowId":"ISDPRZkXm3miWmK7","isManual":false,"workflowName":"My workflow"}}
{"__type":"$$EventMessageConfirm","confirm":"345a6a79-719a-4c3b-ba08-c77fe09c9855","ts":"2025-08-07T14:45:24.133+00:00","source":{"id":"0","name":"eventBus"}}
{"__type":"$$EventMessageNode","id":"bfc106ce-85f4-4c38-bd42-c80d592f36d7","ts":"2025-08-07T14:45:24.134+00:00","eventName":"n8n.node.started","message":"n8n.node.started","payload":{"workflowId":"ISDPRZkXm3miWmK7","workflowName":"My workflow","executionId":"71","nodeType":"n8n-nodes-base.cron","nodeName":"Start Daily Trigger","nodeId":"12db43fb-0c8d-4131-b365-066e88a50b54"}}
{"__type":"$$EventMessageConfirm","confirm":"bfc106ce-85f4-4c38-bd42-c80d592f36d7","ts":"2025-08-07T14:45:24.134+00:00","source":{"id":"0","name":"eventBus"}}
{"__type":"$$EventMessageNode","id":"16f8703a-57e7-47a8-abcc-dca713723925","ts":"2025-08-07T14:45:24.139+00:00","eventName":"n8n.node.finished","message":"n8n.node.finished","payload":{"workflowId":"ISDPRZkXm3miWmK7","workflowName":"My workflow","executionId":"71","nodeType":"n8n-nodes-base.cron","nodeName":"Start Daily Trigger","nodeId":"12db43fb-0c8d-4131-b365-066e88a50b54"}}
{"__type":"$$EventMessageConfirm","confirm":"16f8703a-57e7-47a8-abcc-dca713723925","ts":"2025-08-07T14:45:24.139+00:00","source":{"id":"0","name":"eventBus"}}
{"__type":"$$EventMessageNode","id":"2d73d39a-c2a1-4bd7-920c-76ed5585a637","ts":"2025-08-07T14:45:24.139+00:00","eventName":"n8n.node.started","message":"n8n.node.started","payload":{"workflowId":"ISDPRZkXm3miWmK7","workflowName":"My workflow","executionId":"71","nodeType":"n8n-nodes-base.httpRequest","nodeName":"Get English Words","nodeId":"3d67fd4e-5d33-4268-b975-a0b877d66938"}}
{"__type":"$$EventMessageConfirm","confirm":"2d73d39a-c2a1-4bd7-920c-76ed5585a637","ts":"2025-08-07T14:45:24.139+00:00","source":{"id":"0","name":"eventBus"}}
{"__type":"$$EventMessageNode","id":"bab09380-8690-4982-96e7-8cbf21cb76ea","ts":"2025-08-07T14:45:24.171+00:00","eventName":"n8n.node.finished","message":"n8n.node.finished","payload":{"workflowId":"ISDPRZkXm3miWmK7","workflowName":"My workflow","executionId":"71","nodeType":"n8n-nodes-base.httpRequest","nodeName":"Get English Words","nodeId":"3d67fd4e-5d33-4268-b975-a0b877d66938"}}
{"__type":"$$EventMessageConfirm","confirm":"bab09380-8690-4982-96e7-8cbf21cb76ea","ts":"2025-08-07T14:45:24.171+00:00","source":{"id":"0","name":"eventBus"}}
{"__type":"$$EventMessageWorkflow","id":"42f30b57-a973-4baf-9b9e-dbb0d52d993c","ts":"2025-08-07T14:45:24.174+00:00","eventName":"n8n.workflow.failed","message":"n8n.workflow.failed","payload":{"userId":"b47d0fb1-3e65-4518-89af-453857c6bc55","executionId":"71","success":false,"isManual":true,"workflowId":"ISDPRZkXm3miWmK7","workflowName":"My workflow","lastNodeExecuted":"Get English Words","errorNodeType":"n8n-nodes-base.httpRequest","errorMessage":"connect ENETUNREACH 2606:4700::6812:373:443 - Local (:::0)"}}
{"__type":"$$EventMessageConfirm","confirm":"42f30b57-a973-4baf-9b9e-dbb0d52d993c","ts":"2025-08-07T14:45:24.174+00:00","source":{"id":"0","name":"eventBus"}}
{"__type":"$$EventMessageWorkflow","id":"cde69d3a-e04c-4b43-ba14-245b78279563","ts":"2025-08-07T14:45:33.737+00:00","eventName":"n8n.workflow.started","message":"n8n.workflow.started","payload":{"executionId":"72","workflowId":"ISDPRZkXm3miWmK7","isManual":false,"workflowName":"My workflow"}}
{"__type":"$$EventMessageConfirm","confirm":"cde69d3a-e04c-4b43-ba14-245b78279563","ts":"2025-08-07T14:45:33.737+00:00","source":{"id":"0","name":"eventBus"}}
{"__type":"$$EventMessageNode","id":"bb385dec-b3bb-4364-878f-db186c69ff88","ts":"2025-08-07T14:45:33.737+00:00","eventName":"n8n.node.started","message":"n8n.node.started","payload":{"workflowId":"ISDPRZkXm3miWmK7","workflowName":"My workflow","executionId":"72","nodeType":"n8n-nodes-base.cron","nodeName":"Start Daily Trigger","nodeId":"12db43fb-0c8d-4131-b365-066e88a50b54"}}
{"__type":"$$EventMessageConfirm","confirm":"bb385dec-b3bb-4364-878f-db186c69ff88","ts":"2025-08-07T14:45:33.737+00:00","source":{"id":"0","name":"eventBus"}}
{"__type":"$$EventMessageNode","id":"054a52ee-7479-44ba-8128-ba9e6a101655","ts":"2025-08-07T14:45:33.744+00:00","eventName":"n8n.node.finished","message":"n8n.node.finished","payload":{"workflowId":"ISDPRZkXm3miWmK7","workflowName":"My workflow","executionId":"72","nodeType":"n8n-nodes-base.cron","nodeName":"Start Daily Trigger","nodeId":"12db43fb-0c8d-4131-b365-066e88a50b54"}}
{"__type":"$$EventMessageConfirm","confirm":"054a52ee-7479-44ba-8128-ba9e6a101655","ts":"2025-08-07T14:45:33.744+00:00","source":{"id":"0","name":"eventBus"}}
{"__type":"$$EventMessageNode","id":"344b137e-943e-44fd-8366-8035220f307c","ts":"2025-08-07T14:45:33.745+00:00","eventName":"n8n.node.started","message":"n8n.node.started","payload":{"workflowId":"ISDPRZkXm3miWmK7","workflowName":"My workflow","executionId":"72","nodeType":"n8n-nodes-base.httpRequest","nodeName":"Get English Words","nodeId":"3d67fd4e-5d33-4268-b975-a0b877d66938"}}
{"__type":"$$EventMessageConfirm","confirm":"344b137e-943e-44fd-8366-8035220f307c","ts":"2025-08-07T14:45:33.745+00:00","source":{"id":"0","name":"eventBus"}}
{"__type":"$$EventMessageNode","id":"90cc868e-66d3-4e8b-b39e-fe59bf968ada","ts":"2025-08-07T14:45:33.758+00:00","eventName":"n8n.node.finished","message":"n8n.node.finished","payload":{"workflowId":"ISDPRZkXm3miWmK7","workflowName":"My workflow","executionId":"72","nodeType":"n8n-nodes-base.httpRequest","nodeName":"Get English Words","nodeId":"3d67fd4e-5d33-4268-b975-a0b877d66938"}}
{"__type":"$$EventMessageConfirm","confirm":"90cc868e-66d3-4e8b-b39e-fe59bf968ada","ts":"2025-08-07T14:45:33.758+00:00","source":{"id":"0","name":"eventBus"}}
{"__type":"$$EventMessageWorkflow","id":"c23ad813-039d-4764-a76e-c8f17eebb2a4","ts":"2025-08-07T14:45:33.760+00:00","eventName":"n8n.workflow.failed","message":"n8n.workflow.failed","payload":{"userId":"b47d0fb1-3e65-4518-89af-453857c6bc55","executionId":"72","success":false,"isManual":true,"workflowId":"ISDPRZkXm3miWmK7","workflowName":"My workflow","lastNodeExecuted":"Get English Words","errorNodeType":"n8n-nodes-base.httpRequest","errorMessage":"connect ENETUNREACH 2606:4700::6812:373:443 - Local (:::0)"}}
{"__type":"$$EventMessageConfirm","confirm":"c23ad813-039d-4764-a76e-c8f17eebb2a4","ts":"2025-08-07T14:45:33.760+00:00","source":{"id":"0","name":"eventBus"}}
